Archive member included to satisfy reference by file (symbol)

.\CortexM3\ARM_GCC_541\Debug\Design01.a(LCD.o)
                              .\CortexM3\ARM_GCC_541\Debug\main.o (LCD_PrintString)
.\CortexM3\ARM_GCC_541\Debug\Design01.a(CyLib.o)
                              .\CortexM3\ARM_GCC_541\Debug\Cm3Start.o (CyHalt)
.\CortexM3\ARM_GCC_541\Debug\Design01.a(cyPm.o)
                              .\CortexM3\ARM_GCC_541\Debug\Design01.a(CyLib.o) (CyPmReadStatus)
.\CortexM3\ARM_GCC_541\Debug\Design01.a(UART.o)
                              .\CortexM3\ARM_GCC_541\Debug\main.o (UART_Start)
.\CortexM3\ARM_GCC_541\Debug\Design01.a(UART_IntClock.o)
                              .\CortexM3\ARM_GCC_541\Debug\Design01.a(UART.o) (UART_IntClock_Start)
.\CortexM3\ARM_GCC_541\Debug\Design01.a(PWM_Motor.o)
                              .\CortexM3\ARM_GCC_541\Debug\main.o (PWM_Motor_WriteCompare)
.\CortexM3\ARM_GCC_541\Debug\Design01.a(Timer_Edge.o)
                              .\CortexM3\ARM_GCC_541\Debug\main.o (Timer_Edge_ReadStatusRegister)
.\CortexM3\ARM_GCC_541\Debug\Design01.a(Comp_Black.o)
                              .\CortexM3\ARM_GCC_541\Debug\main.o (Comp_Black_Start)
.\CortexM3\ARM_GCC_541\Debug\Design01.a(Ref.o)
                              .\CortexM3\ARM_GCC_541\Debug\main.o (Ref_Start)
.\CortexM3\ARM_GCC_541\Debug\Design01.a(turn.o)
                              .\CortexM3\ARM_GCC_541\Debug\main.o (turn_SetVector)
.\CortexM3\ARM_GCC_541\Debug\Design01.a(PWM_Servo.o)
                              .\CortexM3\ARM_GCC_541\Debug\main.o (PWM_Servo_WriteCompare)
.\CortexM3\ARM_GCC_541\Debug\Design01.a(PWM_Fan.o)
                              .\CortexM3\ARM_GCC_541\Debug\main.o (PWM_Fan_WriteCompare1)
.\CortexM3\ARM_GCC_541\Debug\Design01.a(PWM_FanServos.o)
                              .\CortexM3\ARM_GCC_541\Debug\main.o (PWM_FanServos_WriteCompare1)
.\CortexM3\ARM_GCC_541\Debug\Design01.a(PWM_IRServo.o)
                              .\CortexM3\ARM_GCC_541\Debug\main.o (PWM_IRServo_WriteCompare)
.\CortexM3\ARM_GCC_541\Debug\Design01.a(UART_Mega.o)
                              .\CortexM3\ARM_GCC_541\Debug\main.o (UART_Mega_Start)
.\CortexM3\ARM_GCC_541\Debug\Design01.a(UART_Mega_IntClock.o)
                              .\CortexM3\ARM_GCC_541\Debug\Design01.a(UART_Mega.o) (UART_Mega_IntClock_Start)
.\CortexM3\ARM_GCC_541\Debug\Design01.a(Motor_Stop.o)
                              .\CortexM3\ARM_GCC_541\Debug\main.o (Motor_Stop_SetVector)
.\CortexM3\ARM_GCC_541\Debug\Design01.a(Timer_Motor.o)
                              .\CortexM3\ARM_GCC_541\Debug\main.o (Timer_Motor_Start)
.\CortexM3\ARM_GCC_541\Debug\Design01.a(CyBootAsmGnu.o)
                              .\CortexM3\ARM_GCC_541\Debug\cyfitter_cfg.o (CyDelayCycles)
.\CortexM3\ARM_GCC_541\Debug\Design01.a(CyFlash.o)
                              .\CortexM3\ARM_GCC_541\Debug\Design01.a(cyPm.o) (CyFlash_SetWaitCycles)
.\CortexM3\ARM_GCC_541\Debug\Design01.a(CySpc.o)
                              .\CortexM3\ARM_GCC_541\Debug\Design01.a(CyFlash.o) (CySpcStart)
c:/program files (x86)/cypress/psoc creator/4.4/psoc creator/import/gnu/arm/5.4.1/bin/../lib/gcc/arm-none-eabi/5.4.1/armv7-m\libgcc.a(_arm_addsubdf3.o)
                              .\CortexM3\ARM_GCC_541\Debug\main.o (__aeabi_dsub)
c:/program files (x86)/cypress/psoc creator/4.4/psoc creator/import/gnu/arm/5.4.1/bin/../lib/gcc/arm-none-eabi/5.4.1/armv7-m\libgcc.a(_arm_muldivdf3.o)
                              .\CortexM3\ARM_GCC_541\Debug\main.o (__aeabi_dmul)
c:/program files (x86)/cypress/psoc creator/4.4/psoc creator/import/gnu/arm/5.4.1/bin/../lib/gcc/arm-none-eabi/5.4.1/armv7-m\libgcc.a(_arm_fixunsdfsi.o)
                              .\CortexM3\ARM_GCC_541\Debug\main.o (__aeabi_d2uiz)
c:/program files (x86)/cypress/psoc creator/4.4/psoc creator/import/gnu/arm/5.4.1/bin/../lib/gcc/arm-none-eabi/5.4.1/../../../../arm-none-eabi/lib/armv7-m\libg_nano.a(lib_a-errno.o)
                              .\CortexM3\ARM_GCC_541\Debug\Cm3Start.o (__errno)
c:/program files (x86)/cypress/psoc creator/4.4/psoc creator/import/gnu/arm/5.4.1/bin/../lib/gcc/arm-none-eabi/5.4.1/../../../../arm-none-eabi/lib/armv7-m\libg_nano.a(lib_a-exit.o)
                              c:/program files (x86)/cypress/psoc creator/4.4/psoc creator/import/gnu/arm/5.4.1/bin/../lib/gcc/arm-none-eabi/5.4.1/../../../../arm-none-eabi/lib/armv7-m/crt0.o (exit)
c:/program files (x86)/cypress/psoc creator/4.4/psoc creator/import/gnu/arm/5.4.1/bin/../lib/gcc/arm-none-eabi/5.4.1/../../../../arm-none-eabi/lib/armv7-m\libg_nano.a(lib_a-impure.o)
                              c:/program files (x86)/cypress/psoc creator/4.4/psoc creator/import/gnu/arm/5.4.1/bin/../lib/gcc/arm-none-eabi/5.4.1/../../../../arm-none-eabi/lib/armv7-m\libg_nano.a(lib_a-exit.o) (_global_impure_ptr)
[...]
Memory Configuration

Name             Origin             Length             Attributes
rom              0x00000000         0x00040000         xr
ram              0x1fff8000         0x00010000         xrw
*default*        0x00000000         0xffffffff

Linker script and memory map

LOAD c:/program files (x86)/cypress/psoc creator/4.4/psoc creator/import/gnu/arm/5.4.1/bin/../lib/gcc/arm-none-eabi/5.4.1/armv7-m/crti.o
LOAD c:/program files (x86)/cypress/psoc creator/4.4/psoc creator/import/gnu/arm/5.4.1/bin/../lib/gcc/arm-none-eabi/5.4.1/armv7-m/crtbegin.o
LOAD c:/program files (x86)/cypress/psoc creator/4.4/psoc creator/import/gnu/arm/5.4.1/bin/../lib/gcc/arm-none-eabi/5.4.1/../../../../arm-none-eabi/lib/armv7-m/crt0.o
START GROUP
LOAD .\CortexM3\ARM_GCC_541\Debug\main.o
LOAD .\CortexM3\ARM_GCC_541\Debug\cyfitter_cfg.o
LOAD .\CortexM3\ARM_GCC_541\Debug\cymetadata.o
LOAD .\CortexM3\ARM_GCC_541\Debug\Cm3Start.o
LOAD .\CortexM3\ARM_GCC_541\Debug\Design01.a
LOAD C:\Program Files (x86)\Cypress\PSoC Creator\4.4\PSoC Creator\psoc\content\cycomponentlibrary\CyComponentLibrary.cylib\CortexM3\ARM_GCC_541\Debug\CyComponentLibrary.a
LOAD c:/program files (x86)/cypress/psoc creator/4.4/psoc creator/import/gnu/arm/5.4.1/bin/../lib/gcc/arm-none-eabi/5.4.1/../../../../arm-none-eabi/lib/armv7-m\libm.a
END GROUP
START GROUP
LOAD c:/program files (x86)/cypress/psoc creator/4.4/psoc creator/import/gnu/arm/5.4.1/bin/../lib/gcc/arm-none-eabi/5.4.1/armv7-m\libgcc.a
LOAD c:/program files (x86)/cypress/psoc creator/4.4/psoc creator/import/gnu/arm/5.4.1/bin/../lib/gcc/arm-none-eabi/5.4.1/../../../../arm-none-eabi/lib/armv7-m\libg_nano.a
LOAD c:/program files (x86)/cypress/psoc creator/4.4/psoc creator/import/gnu/arm/5.4.1/bin/../lib/gcc/arm-none-eabi/5.4.1/../../../../arm-none-eabi/lib/armv7-m\libc_nano.a
END GROUP
START GROUP
LOAD c:/program files (x86)/cypress/psoc creator/4.4/psoc creator/import/gnu/arm/5.4.1/bin/../lib/gcc/arm-none-eabi/5.4.1/armv7-m\libgcc.a
LOAD c:/program files (x86)/cypress/psoc creator/4.4/psoc creator/import/gnu/arm/5.4.1/bin/../lib/gcc/arm-none-eabi/5.4.1/../../../../arm-none-eabi/lib/armv7-m\libc_nano.a
END GROUP
LOAD c:/program files (x86)/cypress/psoc creator/4.4/psoc creator/import/gnu/arm/5.4.1/bin/../lib/gcc/arm-none-eabi/5.4.1/armv7-m/crtend.o
LOAD c:/program files (x86)/cypress/psoc creator/4.4/psoc creator/import/gnu/arm/5.4.1/bin/../lib/gcc/arm-none-eabi/5.4.1/armv7-m/crtn.o
START GROUP
LOAD c:/program files (x86)/cypress/psoc creator/4.4/psoc creator/import/gnu/arm/5.4.1/bin/../lib/gcc/arm-none-eabi/5.4.1/armv7-m\libgcc.a
LOAD c:/program files (x86)/cypress/psoc creator/4.4/psoc creator/import/gnu/arm/5.4.1/bin/../lib/gcc/arm-none-eabi/5.4.1/../../../../arm-none-eabi/lib/armv7-m\libc.a
LOAD c:/program files (x86)/cypress/psoc creator/4.4/psoc creator/import/gnu/arm/5.4.1/bin/../lib/gcc/arm-none-eabi/5.4.1/../../../../arm-none-eabi/lib/armv7-m\libnosys.a
END GROUP
                0x00000000                CY_APPL_ORIGIN = 0x0
                0x00000100                CY_FLASH_ROW_SIZE = 0x100
                0x00000020                CY_ECC_ROW_SIZE = 0x20
                0x00000000                CY_EE_IN_BTLDR = 0x0
                0x00000000                CY_APPL_LOADABLE = 0x0
                0x00000800                CY_EE_SIZE = 0x800
                0x00000001                CY_APPL_NUM = 0x1
                0x00000001                CY_APPL_MAX = 0x1
                0x00000040                CY_METADATA_SIZE = 0x40
                0x00000000                CY_APPL_LOADABLE = 0x0
                0x00000000                CY_CHECKSUM_EXCLUDE_SIZE = ALIGN (0x0, CY_FLASH_ROW_SIZE)
                [!provide]                PROVIDE (__cy_heap_start, _end)
                0x00000001                PROVIDE (__cy_region_num, ((__cy_regions_end - __cy_regions) / 0x10))
                0x20008000                PROVIDE (__cy_stack, (ORIGIN (ram) + LENGTH (ram)))
                [!provide]                PROVIDE (__cy_heap_end, (__cy_stack - 0x800))

.cybootloader   0x00000000        0x0
 *(.cybootloader)
                0x00000000                appl1_start = CY_APPL_ORIGIN?CY_APPL_ORIGIN:ALIGN (CY_FLASH_ROW_SIZE)
                0x0001ff00                appl2_start = (appl1_start + ALIGN ((((LENGTH (rom) - appl1_start) - (0x2 * CY_FLASH_ROW_SIZE)) / 0x2), CY_FLASH_ROW_SIZE))
                0x00000000                appl_start = (CY_APPL_NUM == 0x1)?appl1_start:appl2_start
                0x00000000                ecc_offset = ((appl_start / CY_FLASH_ROW_SIZE) * CY_ECC_ROW_SIZE)
                0x00000000                ee_offset = (CY_APPL_LOADABLE && ! (CY_EE_IN_BTLDR))?((CY_EE_SIZE / CY_APPL_MAX) * (CY_APPL_NUM - 0x1)):0x0
                0x00000800                ee_size = (CY_APPL_LOADABLE && ! (CY_EE_IN_BTLDR))?(CY_EE_SIZE / CY_APPL_MAX):CY_EE_SIZE
                [!provide]                PROVIDE (CY_ECC_OFFSET, ecc_offset)

.text           0x00000000     0x3cac
 CREATE_OBJECT_SYMBOLS
                0x00000000                PROVIDE (__cy_interrupt_vector, RomVectors)
 *(.romvectors)
 .romvectors    0x00000000       0x10 .\CortexM3\ARM_GCC_541\Debug\Cm3Start.o
                0x00000000                RomVectors
                0x00000001                ASSERT ((. != __cy_interrupt_vector), No interrupt vector)
                0x00000001                ASSERT (CY_APPL_ORIGIN?(SIZEOF (.cybootloader) <= CY_APPL_ORIGIN):0x1, Wrong image location)
                0x00000010                PROVIDE (__cy_reset, Reset)
 *(.text.Reset)
 .text.Reset    0x00000010       0x18 .\CortexM3\ARM_GCC_541\Debug\Cm3Start.o
                0x00000010                Reset
                0x00000001                ASSERT ((. != __cy_reset), No reset code)
 *(.dma_init)
                0x00000001                ASSERT ((((appl_start + .) <= 0x10000) || 0x1), DMA Init must be within the first 64k of flash)
 *(.text .text.* .gnu.linkonce.t.*)
 .text          0x00000028       0x5c c:/program files (x86)/cypress/psoc creator/4.4/psoc creator/import/gnu/arm/5.4.1/bin/../lib/gcc/arm-none-eabi/5.4.1/armv7-m/crtbegin.o
 *fill*         0x00000084        0x4 
 .text.turn     0x00000088       0xd8 .\CortexM3\ARM_GCC_541\Debug\main.o
                0x00000088                turn
 .text.stop     0x00000160       0x14 .\CortexM3\ARM_GCC_541\Debug\main.o
                0x00000160                stop
 .text.main     0x00000174       0xd0 .\CortexM3\ARM_GCC_541\Debug\main.o
                0x00000174                main
 .text.CyClockStartupError
                0x00000244        0x4 .\CortexM3\ARM_GCC_541\Debug\cyfitter_cfg.o
 .text.cfg_write_bytes32
                0x00000248       0x34 .\CortexM3\ARM_GCC_541\Debug\cyfitter_cfg.o
 .text.AnalogSetDefault
                0x0000027c       0x48 .\CortexM3\ARM_GCC_541\Debug\cyfitter_cfg.o
 .text.CYMEMZERO
                0x000002c4        0xc .\CortexM3\ARM_GCC_541\Debug\cyfitter_cfg.o
 .text.ClockSetup
                0x000002d0       0xfc .\CortexM3\ARM_GCC_541\Debug\cyfitter_cfg.o
 .text.CYCONFIGCPY
                0x000003cc        0x8 .\CortexM3\ARM_GCC_541\Debug\cyfitter_cfg.o
 .text.cyfitter_cfg
                0x000003d4      0x150 .\CortexM3\ARM_GCC_541\Debug\cyfitter_cfg.o
                0x000003d4                cyfitter_cfg
 .text.IntDefaultHandler
                0x00000524       0x10 .\CortexM3\ARM_GCC_541\Debug\Cm3Start.o
                0x00000524                IntDefaultHandler
 .text._sbrk    0x00000534       0x30 .\CortexM3\ARM_GCC_541\Debug\Cm3Start.o
                0x00000534                _sbrk
 .text.Start_c  0x00000564       0x4c .\CortexM3\ARM_GCC_541\Debug\Cm3Start.o
                0x00000564                Start_c
 .text.initialize_psoc
                0x000005b0       0x68 .\CortexM3\ARM_GCC_541\Debug\Cm3Start.o
                0x000005b0                initialize_psoc
 .text.LCD_WrCntrlNib
                0x00000618       0x34 .\CortexM3\ARM_GCC_541\Debug\Design01.a(LCD.o)
 .text.LCD_WrDatNib
                0x0000064c       0x44 .\CortexM3\ARM_GCC_541\Debug\Design01.a(LCD.o)
 .text.LCD_IsReady
                0x00000690       0xe4 .\CortexM3\ARM_GCC_541\Debug\Design01.a(LCD.o)
                0x00000690                LCD_IsReady
 .text.LCD_WriteData
                0x00000774       0x18 .\CortexM3\ARM_GCC_541\Debug\Design01.a(LCD.o)
                0x00000774                LCD_WriteData
 .text.LCD_PrintString
                0x0000078c       0x1c .\CortexM3\ARM_GCC_541\Debug\Design01.a(LCD.o)
                0x0000078c                LCD_PrintString
 .text.LCD_WriteControl
                0x000007a8       0x18 .\CortexM3\ARM_GCC_541\Debug\Design01.a(LCD.o)
                0x000007a8                LCD_WriteControl
 .text.LCD_Init
                0x000007c0       0x6c .\CortexM3\ARM_GCC_541\Debug\Design01.a(LCD.o)
                0x000007c0                LCD_Init
 .text.LCD_Enable
                0x0000082c       0x14 .\CortexM3\ARM_GCC_541\Debug\Design01.a(LCD.o)
                0x0000082c                LCD_Enable
 .text.LCD_Start
                0x00000840       0x1c .\CortexM3\ARM_GCC_541\Debug\Design01.a(LCD.o)
                0x00000840                LCD_Start
 .text.LCD_Position
                0x0000085c       0x3c .\CortexM3\ARM_GCC_541\Debug\Design01.a(LCD.o)
                0x0000085c                LCD_Position
 .text.CyDelay  0x00000898       0x2c .\CortexM3\ARM_GCC_541\Debug\Design01.a(CyLib.o)
                0x00000898                CyDelay
 .text.CyDelayUs
                0x000008c4       0x14 .\CortexM3\ARM_GCC_541\Debug\Design01.a(CyLib.o)
                0x000008c4                CyDelayUs
 .text.UART_Init
                0x000008d8       0x28 .\CortexM3\ARM_GCC_541\Debug\Design01.a(UART.o)
                0x000008d8                UART_Init
 .text.UART_Enable
                0x00000900       0x38 .\CortexM3\ARM_GCC_541\Debug\Design01.a(UART.o)
                0x00000900                UART_Enable
 .text.UART_Start
                0x00000938       0x1c .\CortexM3\ARM_GCC_541\Debug\Design01.a(UART.o)
                0x00000938                UART_Start
 .text.UART_PutChar
                0x00000954       0x18 .\CortexM3\ARM_GCC_541\Debug\Design01.a(UART.o)
                0x00000954                UART_PutChar
 .text.UART_PutString
                0x0000096c       0x24 .\CortexM3\ARM_GCC_541\Debug\Design01.a(UART.o)
                0x0000096c                UART_PutString
 .text.UART_IntClock_Start
                0x00000990       0x1c .\CortexM3\ARM_GCC_541\Debug\Design01.a(UART_IntClock.o)
                0x00000990                UART_IntClock_Start
 .text.PWM_Motor_Enable
                0x000009ac       0x10 .\CortexM3\ARM_GCC_541\Debug\Design01.a(PWM_Motor.o)
                0x000009ac                PWM_Motor_Enable
 .text.PWM_Motor_WriteCounter
                0x000009bc        0xc .\CortexM3\ARM_GCC_541\Debug\Design01.a(PWM_Motor.o)
                0x000009bc                PWM_Motor_WriteCounter
 .text.PWM_Motor_WritePeriod
                0x000009c8        0xc .\CortexM3\ARM_GCC_541\Debug\Design01.a(PWM_Motor.o)
                0x000009c8                PWM_Motor_WritePeriod
 .text.PWM_Motor_WriteCompare
                0x000009d4        0xc .\CortexM3\ARM_GCC_541\Debug\Design01.a(PWM_Motor.o)
                0x000009d4                PWM_Motor_WriteCompare
 .text.PWM_Motor_SetInterruptMode
                0x000009e0        0xc .\CortexM3\ARM_GCC_541\Debug\Design01.a(PWM_Motor.o)
                0x000009e0                PWM_Motor_SetInterruptMode
 .text.PWM_Motor_ReadStatusRegister
                0x000009ec        0xc .\CortexM3\ARM_GCC_541\Debug\Design01.a(PWM_Motor.o)
                0x000009ec                PWM_Motor_ReadStatusRegister
 .text.PWM_Motor_ReadCapture
                0x000009f8        0xc .\CortexM3\ARM_GCC_541\Debug\Design01.a(PWM_Motor.o)
                0x000009f8                PWM_Motor_ReadCapture
 .text.PWM_Motor_ClearFIFO
                0x00000a04       0x14 .\CortexM3\ARM_GCC_541\Debug\Design01.a(PWM_Motor.o)
                0x00000a04                PWM_Motor_ClearFIFO
 .text.PWM_Motor_Init
                0x00000a18       0x50 .\CortexM3\ARM_GCC_541\Debug\Design01.a(PWM_Motor.o)
                0x00000a18                PWM_Motor_Init
 .text.PWM_Motor_Start
                0x00000a68       0x1c .\CortexM3\ARM_GCC_541\Debug\Design01.a(PWM_Motor.o)
                0x00000a68                PWM_Motor_Start
 .text.Timer_Edge_Enable
                0x00000a84       0x10 .\CortexM3\ARM_GCC_541\Debug\Design01.a(Timer_Edge.o)
                0x00000a84                Timer_Edge_Enable
 .text.Timer_Edge_SetInterruptMode
                0x00000a94        0xc .\CortexM3\ARM_GCC_541\Debug\Design01.a(Timer_Edge.o)
                0x00000a94                Timer_Edge_SetInterruptMode
 .text.Timer_Edge_ReadStatusRegister
                0x00000aa0        0xc .\CortexM3\ARM_GCC_541\Debug\Design01.a(Timer_Edge.o)
                0x00000aa0                Timer_Edge_ReadStatusRegister
 .text.Timer_Edge_WritePeriod
                0x00000aac        0xc .\CortexM3\ARM_GCC_541\Debug\Design01.a(Timer_Edge.o)
                0x00000aac                Timer_Edge_WritePeriod
 .text.Timer_Edge_ReadCapture
                0x00000ab8        0xc .\CortexM3\ARM_GCC_541\Debug\Design01.a(Timer_Edge.o)
                0x00000ab8                Timer_Edge_ReadCapture
 .text.Timer_Edge_WriteCounter
                0x00000ac4        0xc .\CortexM3\ARM_GCC_541\Debug\Design01.a(Timer_Edge.o)
                0x00000ac4                Timer_Edge_WriteCounter
 .text.Timer_Edge_SetInterruptCount
                0x00000ad0       0x1c .\CortexM3\ARM_GCC_541\Debug\Design01.a(Timer_Edge.o)
                0x00000ad0                Timer_Edge_SetInterruptCount
 .text.Timer_Edge_ClearFIFO
                0x00000aec       0x14 .\CortexM3\ARM_GCC_541\Debug\Design01.a(Timer_Edge.o)
                0x00000aec                Timer_Edge_ClearFIFO
 .text.Timer_Edge_Init
                0x00000b00       0x3c .\CortexM3\ARM_GCC_541\Debug\Design01.a(Timer_Edge.o)
                0x00000b00                Timer_Edge_Init
 .text.Timer_Edge_Start
                0x00000b3c       0x1c .\CortexM3\ARM_GCC_541\Debug\Design01.a(Timer_Edge.o)
                0x00000b3c                Timer_Edge_Start
 .text.Comp_Black_Enable
                0x00000b58       0x1c .\CortexM3\ARM_GCC_541\Debug\Design01.a(Comp_Black.o)
                0x00000b58                Comp_Black_Enable
 .text.Comp_Black_SetSpeed
                0x00000b74       0x58 .\CortexM3\ARM_GCC_541\Debug\Design01.a(Comp_Black.o)
                0x00000b74                Comp_Black_SetSpeed
 .text.Comp_Black_Init
                0x00000bcc       0x3c .\CortexM3\ARM_GCC_541\Debug\Design01.a(Comp_Black.o)
                0x00000bcc                Comp_Black_Init
 .text.Comp_Black_Start
                0x00000c08       0x1c .\CortexM3\ARM_GCC_541\Debug\Design01.a(Comp_Black.o)
                0x00000c08                Comp_Black_Start
 .text.Ref_Enable
                0x00000c24       0x1c .\CortexM3\ARM_GCC_541\Debug\Design01.a(Ref.o)
                0x00000c24                Ref_Enable
 .text.Ref_SetSpeed
                0x00000c40       0x1c .\CortexM3\ARM_GCC_541\Debug\Design01.a(Ref.o)
                0x00000c40                Ref_SetSpeed
 .text.Ref_SetValue
                0x00000c5c        0xc .\CortexM3\ARM_GCC_541\Debug\Design01.a(Ref.o)
                0x00000c5c                Ref_SetValue
 .text.Ref_DacTrim
                0x00000c68       0x24 .\CortexM3\ARM_GCC_541\Debug\Design01.a(Ref.o)
                0x00000c68                Ref_DacTrim
 .text.Ref_SetRange
                0x00000c8c       0x20 .\CortexM3\ARM_GCC_541\Debug\Design01.a(Ref.o)
                0x00000c8c                Ref_SetRange
 .text.Ref_Init
                0x00000cac       0x1c .\CortexM3\ARM_GCC_541\Debug\Design01.a(Ref.o)
                0x00000cac                Ref_Init
 .text.Ref_Start
                0x00000cc8       0x24 .\CortexM3\ARM_GCC_541\Debug\Design01.a(Ref.o)
                0x00000cc8                Ref_Start
 .text.turn_Interrupt
                0x00000cec        0x4 .\CortexM3\ARM_GCC_541\Debug\Design01.a(turn.o)
                0x00000cec                turn_Interrupt
 .text.turn_SetVector
                0x00000cf0        0xc .\CortexM3\ARM_GCC_541\Debug\Design01.a(turn.o)
                0x00000cf0                turn_SetVector
 .text.turn_SetPriority
                0x00000cfc       0x10 .\CortexM3\ARM_GCC_541\Debug\Design01.a(turn.o)
                0x00000cfc                turn_SetPriority
 .text.turn_Enable
                0x00000d0c        0xc .\CortexM3\ARM_GCC_541\Debug\Design01.a(turn.o)
                0x00000d0c                turn_Enable
 .text.turn_Disable
                0x00000d18        0xc .\CortexM3\ARM_GCC_541\Debug\Design01.a(turn.o)
                0x00000d18                turn_Disable
 .text.turn_Start
                0x00000d24       0x1c .\CortexM3\ARM_GCC_541\Debug\Design01.a(turn.o)
                0x00000d24                turn_Start
 .text.PWM_Servo_Enable
                0x00000d40       0x10 .\CortexM3\ARM_GCC_541\Debug\Design01.a(PWM_Servo.o)
                0x00000d40                PWM_Servo_Enable
 .text.PWM_Servo_WriteCounter
                0x00000d50        0xc .\CortexM3\ARM_GCC_541\Debug\Design01.a(PWM_Servo.o)
                0x00000d50                PWM_Servo_WriteCounter
 .text.PWM_Servo_WritePeriod
                0x00000d5c        0xc .\CortexM3\ARM_GCC_541\Debug\Design01.a(PWM_Servo.o)
                0x00000d5c                PWM_Servo_WritePeriod
 .text.PWM_Servo_WriteCompare
                0x00000d68        0xc .\CortexM3\ARM_GCC_541\Debug\Design01.a(PWM_Servo.o)
                0x00000d68                PWM_Servo_WriteCompare
 .text.PWM_Servo_SetInterruptMode
                0x00000d74        0xc .\CortexM3\ARM_GCC_541\Debug\Design01.a(PWM_Servo.o)
                0x00000d74                PWM_Servo_SetInterruptMode
 .text.PWM_Servo_ReadStatusRegister
                0x00000d80        0xc .\CortexM3\ARM_GCC_541\Debug\Design01.a(PWM_Servo.o)
                0x00000d80                PWM_Servo_ReadStatusRegister
 .text.PWM_Servo_ReadCapture
                0x00000d8c        0xc .\CortexM3\ARM_GCC_541\Debug\Design01.a(PWM_Servo.o)
                0x00000d8c                PWM_Servo_ReadCapture
 .text.PWM_Servo_ClearFIFO
                0x00000d98       0x14 .\CortexM3\ARM_GCC_541\Debug\Design01.a(PWM_Servo.o)
                0x00000d98                PWM_Servo_ClearFIFO
 .text.PWM_Servo_Init
                0x00000dac       0x50 .\CortexM3\ARM_GCC_541\Debug\Design01.a(PWM_Servo.o)
                0x00000dac                PWM_Servo_Init
 .text.PWM_Servo_Start
                0x00000dfc       0x1c .\CortexM3\ARM_GCC_541\Debug\Design01.a(PWM_Servo.o)
                0x00000dfc                PWM_Servo_Start
 .text.PWM_Fan_Enable
                0x00000e18       0x10 .\CortexM3\ARM_GCC_541\Debug\Design01.a(PWM_Fan.o)
                0x00000e18                PWM_Fan_Enable
 .text.PWM_Fan_WriteCounter
                0x00000e28        0xc .\CortexM3\ARM_GCC_541\Debug\Design01.a(PWM_Fan.o)
                0x00000e28                PWM_Fan_WriteCounter
 .text.PWM_Fan_WritePeriod
                0x00000e34        0xc .\CortexM3\ARM_GCC_541\Debug\Design01.a(PWM_Fan.o)
                0x00000e34                PWM_Fan_WritePeriod
 .text.PWM_Fan_WriteCompare1
                0x00000e40        0xc .\CortexM3\ARM_GCC_541\Debug\Design01.a(PWM_Fan.o)
                0x00000e40                PWM_Fan_WriteCompare1
 .text.PWM_Fan_WriteCompare2
                0x00000e4c        0xc .\CortexM3\ARM_GCC_541\Debug\Design01.a(PWM_Fan.o)
                0x00000e4c                PWM_Fan_WriteCompare2
 .text.PWM_Fan_SetInterruptMode
                0x00000e58        0xc .\CortexM3\ARM_GCC_541\Debug\Design01.a(PWM_Fan.o)
                0x00000e58                PWM_Fan_SetInterruptMode
 .text.PWM_Fan_ReadStatusRegister
                0x00000e64        0xc .\CortexM3\ARM_GCC_541\Debug\Design01.a(PWM_Fan.o)
                0x00000e64                PWM_Fan_ReadStatusRegister
 .text.PWM_Fan_ReadCapture
                0x00000e70        0xc .\CortexM3\ARM_GCC_541\Debug\Design01.a(PWM_Fan.o)
                0x00000e70                PWM_Fan_ReadCapture
 .text.PWM_Fan_ClearFIFO
                0x00000e7c       0x14 .\CortexM3\ARM_GCC_541\Debug\Design01.a(PWM_Fan.o)
                0x00000e7c                PWM_Fan_ClearFIFO
 .text.PWM_Fan_Init
                0x00000e90       0x58 .\CortexM3\ARM_GCC_541\Debug\Design01.a(PWM_Fan.o)
                0x00000e90                PWM_Fan_Init
 .text.PWM_Fan_Start
                0x00000ee8       0x1c .\CortexM3\ARM_GCC_541\Debug\Design01.a(PWM_Fan.o)
                0x00000ee8                PWM_Fan_Start
 .text.PWM_FanServos_Enable
                0x00000f04       0x10 .\CortexM3\ARM_GCC_541\Debug\Design01.a(PWM_FanServos.o)
                0x00000f04                PWM_FanServos_Enable
 .text.PWM_FanServos_WriteCounter
                0x00000f14        0xc .\CortexM3\ARM_GCC_541\Debug\Design01.a(PWM_FanServos.o)
                0x00000f14                PWM_FanServos_WriteCounter
 .text.PWM_FanServos_WritePeriod
                0x00000f20        0xc .\CortexM3\ARM_GCC_541\Debug\Design01.a(PWM_FanServos.o)
                0x00000f20                PWM_FanServos_WritePeriod
 .text.PWM_FanServos_WriteCompare1
                0x00000f2c        0xc .\CortexM3\ARM_GCC_541\Debug\Design01.a(PWM_FanServos.o)
                0x00000f2c                PWM_FanServos_WriteCompare1
 .text.PWM_FanServos_WriteCompare2
                0x00000f38        0xc .\CortexM3\ARM_GCC_541\Debug\Design01.a(PWM_FanServos.o)
                0x00000f38                PWM_FanServos_WriteCompare2
 .text.PWM_FanServos_SetInterruptMode
                0x00000f44        0xc .\CortexM3\ARM_GCC_541\Debug\Design01.a(PWM_FanServos.o)
                0x00000f44                PWM_FanServos_SetInterruptMode
 .text.PWM_FanServos_ReadStatusRegister
                0x00000f50        0xc .\CortexM3\ARM_GCC_541\Debug\Design01.a(PWM_FanServos.o)
                0x00000f50                PWM_FanServos_ReadStatusRegister
 .text.PWM_FanServos_ReadCapture
                0x00000f5c        0xc .\CortexM3\ARM_GCC_541\Debug\Design01.a(PWM_FanServos.o)
                0x00000f5c                PWM_FanServos_ReadCapture
 .text.PWM_FanServos_ClearFIFO
                0x00000f68       0x14 .\CortexM3\ARM_GCC_541\Debug\Design01.a(PWM_FanServos.o)
                0x00000f68                PWM_FanServos_ClearFIFO
 .text.PWM_FanServos_Init
                0x00000f7c       0x5c .\CortexM3\ARM_GCC_541\Debug\Design01.a(PWM_FanServos.o)
                0x00000f7c                PWM_FanServos_Init
 .text.PWM_FanServos_Start
                0x00000fd8       0x1c .\CortexM3\ARM_GCC_541\Debug\Design01.a(PWM_FanServos.o)
                0x00000fd8                PWM_FanServos_Start
 .text.PWM_IRServo_Enable
                0x00000ff4       0x10 .\CortexM3\ARM_GCC_541\Debug\Design01.a(PWM_IRServo.o)
                0x00000ff4                PWM_IRServo_Enable
 .text.PWM_IRServo_WriteCounter
                0x00001004        0xc .\CortexM3\ARM_GCC_541\Debug\Design01.a(PWM_IRServo.o)
                0x00001004                PWM_IRServo_WriteCounter
 .text.PWM_IRServo_WritePeriod
                0x00001010        0xc .\CortexM3\ARM_GCC_541\Debug\Design01.a(PWM_IRServo.o)
                0x00001010                PWM_IRServo_WritePeriod
 .text.PWM_IRServo_WriteCompare
                0x0000101c        0xc .\CortexM3\ARM_GCC_541\Debug\Design01.a(PWM_IRServo.o)
                0x0000101c                PWM_IRServo_WriteCompare
 .text.PWM_IRServo_SetInterruptMode
                0x00001028        0xc .\CortexM3\ARM_GCC_541\Debug\Design01.a(PWM_IRServo.o)
                0x00001028                PWM_IRServo_SetInterruptMode
 .text.PWM_IRServo_ReadStatusRegister
                0x00001034        0xc .\CortexM3\ARM_GCC_541\Debug\Design01.a(PWM_IRServo.o)
                0x00001034                PWM_IRServo_ReadStatusRegister
 .text.PWM_IRServo_ReadCapture
                0x00001040        0xc .\CortexM3\ARM_GCC_541\Debug\Design01.a(PWM_IRServo.o)
                0x00001040                PWM_IRServo_ReadCapture
 .text.PWM_IRServo_ClearFIFO
                0x0000104c       0x14 .\CortexM3\ARM_GCC_541\Debug\Design01.a(PWM_IRServo.o)
                0x0000104c                PWM_IRServo_ClearFIFO
 .text.PWM_IRServo_Init
                0x00001060       0x50 .\CortexM3\ARM_GCC_541\Debug\Design01.a(PWM_IRServo.o)
                0x00001060                PWM_IRServo_Init
 .text.PWM_IRServo_Start
                0x000010b0       0x1c .\CortexM3\ARM_GCC_541\Debug\Design01.a(PWM_IRServo.o)
                0x000010b0                PWM_IRServo_Start
 .text.UART_Mega_Init
                0x000010cc       0x24 .\CortexM3\ARM_GCC_541\Debug\Design01.a(UART_Mega.o)
                0x000010cc                UART_Mega_Init
 .text.UART_Mega_Enable
                0x000010f0       0x38 .\CortexM3\ARM_GCC_541\Debug\Design01.a(UART_Mega.o)
                0x000010f0                UART_Mega_Enable
 .text.UART_Mega_Start
                0x00001128       0x1c .\CortexM3\ARM_GCC_541\Debug\Design01.a(UART_Mega.o)
                0x00001128                UART_Mega_Start
 .text.UART_Mega_PutChar
                0x00001144       0x18 .\CortexM3\ARM_GCC_541\Debug\Design01.a(UART_Mega.o)
                0x00001144                UART_Mega_PutChar
 .text.UART_Mega_IntClock_Start
                0x0000115c       0x1c .\CortexM3\ARM_GCC_541\Debug\Design01.a(UART_Mega_IntClock.o)
                0x0000115c                UART_Mega_IntClock_Start
 .text.Motor_Stop_Interrupt
                0x00001178        0x4 .\CortexM3\ARM_GCC_541\Debug\Design01.a(Motor_Stop.o)
                0x00001178                Motor_Stop_Interrupt
 .text.Motor_Stop_SetVector
                0x0000117c        0xc .\CortexM3\ARM_GCC_541\Debug\Design01.a(Motor_Stop.o)
                0x0000117c                Motor_Stop_SetVector
 .text.Motor_Stop_SetPriority
                0x00001188       0x10 .\CortexM3\ARM_GCC_541\Debug\Design01.a(Motor_Stop.o)
                0x00001188                Motor_Stop_SetPriority
 .text.Motor_Stop_Enable
                0x00001198        0xc .\CortexM3\ARM_GCC_541\Debug\Design01.a(Motor_Stop.o)
                0x00001198                Motor_Stop_Enable
 .text.Motor_Stop_Disable
                0x000011a4        0xc .\CortexM3\ARM_GCC_541\Debug\Design01.a(Motor_Stop.o)
                0x000011a4                Motor_Stop_Disable
 .text.Motor_Stop_Start
                0x000011b0       0x1c .\CortexM3\ARM_GCC_541\Debug\Design01.a(Motor_Stop.o)
                0x000011b0                Motor_Stop_Start
 .text.Timer_Motor_Enable
                0x000011cc       0x10 .\CortexM3\ARM_GCC_541\Debug\Design01.a(Timer_Motor.o)
                0x000011cc                Timer_Motor_Enable
 .text.Timer_Motor_SetInterruptMode
                0x000011dc        0xc .\CortexM3\ARM_GCC_541\Debug\Design01.a(Timer_Motor.o)
                0x000011dc                Timer_Motor_SetInterruptMode
 .text.Timer_Motor_ReadStatusRegister
                0x000011e8        0xc .\CortexM3\ARM_GCC_541\Debug\Design01.a(Timer_Motor.o)
                0x000011e8                Timer_Motor_ReadStatusRegister
 .text.Timer_Motor_WritePeriod
                0x000011f4        0xc .\CortexM3\ARM_GCC_541\Debug\Design01.a(Timer_Motor.o)
                0x000011f4                Timer_Motor_WritePeriod
 .text.Timer_Motor_ReadCapture
                0x00001200        0xc .\CortexM3\ARM_GCC_541\Debug\Design01.a(Timer_Motor.o)
                0x00001200                Timer_Motor_ReadCapture
 .text.Timer_Motor_WriteCounter
                0x0000120c        0xc .\CortexM3\ARM_GCC_541\Debug\Design01.a(Timer_Motor.o)
                0x0000120c                Timer_Motor_WriteCounter
 .text.Timer_Motor_ClearFIFO
                0x00001218       0x14 .\CortexM3\ARM_GCC_541\Debug\Design01.a(Timer_Motor.o)
                0x00001218                Timer_Motor_ClearFIFO
 .text.Timer_Motor_Init
                0x0000122c       0x34 .\CortexM3\ARM_GCC_541\Debug\Design01.a(Timer_Motor.o)
                0x0000122c                Timer_Motor_Init
 .text.Timer_Motor_Start
                0x00001260       0x1c .\CortexM3\ARM_GCC_541\Debug\Design01.a(Timer_Motor.o)
                0x00001260                Timer_Motor_Start
 *fill*         0x0000127c        0x4 
 .text          0x00001280       0x20 .\CortexM3\ARM_GCC_541\Debug\Design01.a(CyBootAsmGnu.o)
                0x00001280                CyDelayCycles
                0x00001290                CyEnterCriticalSection
                0x00001298                CyExitCriticalSection
 .text          0x000012a0      0x370 c:/program files (x86)/cypress/psoc creator/4.4/psoc creator/import/gnu/arm/5.4.1/bin/../lib/gcc/arm-none-eabi/5.4.1/armv7-m\libgcc.a(_arm_addsubdf3.o)
                0x000012a0                __aeabi_drsub
                0x000012a8                __aeabi_dsub
                0x000012a8                __subdf3
                0x000012ac                __aeabi_dadd
                0x000012ac                __adddf3
                0x00001524                __floatunsidf
                0x00001524                __aeabi_ui2d
                0x00001544                __floatsidf
                0x00001544                __aeabi_i2d
                0x00001568                __aeabi_f2d
                0x00001568                __extendsfdf2
                0x000015a4                __floatundidf
                0x000015a4                __aeabi_ul2d
                0x000015b4                __floatdidf
                0x000015b4                __aeabi_l2d
 .text          0x00001610      0x424 c:/program files (x86)/cypress/psoc creator/4.4/psoc creator/import/gnu/arm/5.4.1/bin/../lib/gcc/arm-none-eabi/5.4.1/armv7-m\libgcc.a(_arm_muldivdf3.o)
                0x00001610                __aeabi_dmul
                0x00001610                __muldf3
                0x00001864                __divdf3
                0x00001864                __aeabi_ddiv
 .text          0x00001a34       0x40 c:/program files (x86)/cypress/psoc creator/4.4/psoc creator/import/gnu/arm/5.4.1/bin/../lib/gcc/arm-none-eabi/5.4.1/armv7-m\libgcc.a(_arm_fixunsdfsi.o)
                0x00001a34                __aeabi_d2uiz
                0x00001a34                __fixunsdfsi
 .text.__errno  0x00001a74        0xc c:/program files (x86)/cypress/psoc creator/4.4/psoc creator/import/gnu/arm/5.4.1/bin/../lib/gcc/arm-none-eabi/5.4.1/../../../../arm-none-eabi/lib/armv7-m\libg_nano.a(lib_a-errno.o)
                0x00001a74                __errno
 .text.__libc_init_array
                0x00001a80       0x4c c:/program files (x86)/cypress/psoc creator/4.4/psoc creator/import/gnu/arm/5.4.1/bin/../lib/gcc/arm-none-eabi/5.4.1/../../../../arm-none-eabi/lib/armv7-m\libg_nano.a(lib_a-init.o)
                0x00001a80                __libc_init_array
 .text.memcpy   0x00001acc       0x16 c:/program files (x86)/cypress/psoc creator/4.4/psoc creator/import/gnu/arm/5.4.1/bin/../lib/gcc/arm-none-eabi/5.4.1/../../../../arm-none-eabi/lib/armv7-m\libg_nano.a(lib_a-memcpy-stub.o)
                0x00001acc                memcpy
 .text.memset   0x00001ae2       0x10 c:/program files (x86)/cypress/psoc creator/4.4/psoc creator/import/gnu/arm/5.4.1/bin/../lib/gcc/arm-none-eabi/5.4.1/../../../../arm-none-eabi/lib/armv7-m\libg_nano.a(lib_a-memset.o)
                0x00001ae2                memset
 .text.__cvt    0x00001af2       0xc0 c:/program files (x86)/cypress/psoc creator/4.4/psoc creator/import/gnu/arm/5.4.1/bin/../lib/gcc/arm-none-eabi/5.4.1/../../../../arm-none-eabi/lib/armv7-m\libg_nano.a(lib_a-nano-vfprintf_float.o)
                0x00001af2                __cvt
 .text.__exponent
                0x00001bb2       0x62 c:/program files (x86)/cypress/psoc creator/4.4/psoc creator/import/gnu/arm/5.4.1/bin/../lib/gcc/arm-none-eabi/5.4.1/../../../../arm-none-eabi/lib/armv7-m\libg_nano.a(lib_a-nano-vfprintf_float.o)
                0x00001bb2                __exponent
 .text._printf_float
                0x00001c14      0x488 c:/program files (x86)/cypress/psoc creator/4.4/psoc creator/import/gnu/arm/5.4.1/bin/../lib/gcc/arm-none-eabi/5.4.1/../../../../arm-none-eabi/lib/armv7-m\libg_nano.a(lib_a-nano-vfprintf_float.o)
                0x00001c14                _printf_float
 .text._printf_common
                0x0000209c       0xec c:/program files (x86)/cypress/psoc creator/4.4/psoc creator/import/gnu/arm/5.4.1/bin/../lib/gcc/arm-none-eabi/5.4.1/../../../../arm-none-eabi/lib/armv7-m\libg_nano.a(lib_a-nano-vfprintf_i.o)
                0x0000209c                _printf_common
 .text._printf_i
                0x00002188      0x24c c:/program files (x86)/cypress/psoc creator/4.4/psoc creator/import/gnu/arm/5.4.1/bin/../lib/gcc/arm-none-eabi/5.4.1/../../../../arm-none-eabi/lib/armv7-m\libg_nano.a(lib_a-nano-vfprintf_i.o)
                0x00002188                _printf_i
 .text.sprintf  0x000023d4       0x48 c:/program files (x86)/cypress/psoc creator/4.4/psoc creator/import/gnu/arm/5.4.1/bin/../lib/gcc/arm-none-eabi/5.4.1/../../../../arm-none-eabi/lib/armv7-m\libg_nano.a(lib_a-sprintf.o)
                0x000023d4                siprintf
                0x000023d4                sprintf
 .text          0x0000241c       0x10 c:/program files (x86)/cypress/psoc creator/4.4/psoc creator/import/gnu/arm/5.4.1/bin/../lib/gcc/arm-none-eabi/5.4.1/../../../../arm-none-eabi/lib/armv7-m\libg_nano.a(lib_a-strlen.o)
                0x0000241c                strlen
 .text.quorem   0x0000242c      0x116 c:/program files (x86)/cypress/psoc creator/4.4/psoc creator/import/gnu/arm/5.4.1/bin/../lib/gcc/arm-none-eabi/5.4.1/../../../../arm-none-eabi/lib/armv7-m\libg_nano.a(lib_a-dtoa.o)
 *fill*         0x00002542        0x6 
 .text._dtoa_r  0x00002548      0xb30 c:/program files (x86)/cypress/psoc creator/4.4/psoc creator/import/gnu/arm/5.4.1/bin/../lib/gcc/arm-none-eabi/5.4.1/../../../../arm-none-eabi/lib/armv7-m\libg_nano.a(lib_a-dtoa.o)
                0x00002548                _dtoa_r
 .text._localeconv_r
                0x00003078        0x8 c:/program files (x86)/cypress/psoc creator/4.4/psoc creator/import/gnu/arm/5.4.1/bin/../lib/gcc/arm-none-eabi/5.4.1/../../../../arm-none-eabi/lib/armv7-m\libg_nano.a(lib_a-locale.o)
                0x00003078                _localeconv_r
 .text.malloc   0x00003080       0x10 c:/program files (x86)/cypress/psoc creator/4.4/psoc creator/import/gnu/arm/5.4.1/bin/../lib/gcc/arm-none-eabi/5.4.1/../../../../arm-none-eabi/lib/armv7-m\libg_nano.a(lib_a-malloc.o)
                0x00003080                malloc
 .text.memchr   0x00003090       0x1c c:/program files (x86)/cypress/psoc creator/4.4/psoc creator/import/gnu/arm/5.4.1/bin/../lib/gcc/arm-none-eabi/5.4.1/../../../../arm-none-eabi/lib/armv7-m\libg_nano.a(lib_a-memchr-stub.o)
                0x00003090                memchr
 .text._Balloc  0x000030ac       0x6a c:/program files (x86)/cypress/psoc creator/4.4/psoc creator/import/gnu/arm/5.4.1/bin/../lib/gcc/arm-none-eabi/5.4.1/../../../../arm-none-eabi/lib/armv7-m\libg_nano.a(lib_a-mprec.o)
                0x000030ac                _Balloc
 .text._Bfree   0x00003116       0x2e c:/program files (x86)/cypress/psoc creator/4.4/psoc creator/import/gnu/arm/5.4.1/bin/../lib/gcc/arm-none-eabi/5.4.1/../../../../arm-none-eabi/lib/armv7-m\libg_nano.a(lib_a-mprec.o)
                0x00003116                _Bfree
 .text.__multadd
                0x00003144       0x76 c:/program files (x86)/cypress/psoc creator/4.4/psoc creator/import/gnu/arm/5.4.1/bin/../lib/gcc/arm-none-eabi/5.4.1/../../../../arm-none-eabi/lib/armv7-m\libg_nano.a(lib_a-mprec.o)
                0x00003144                __multadd
 .text.__hi0bits
                0x000031ba       0x40 c:/program files (x86)/cypress/psoc creator/4.4/psoc creator/import/gnu/arm/5.4.1/bin/../lib/gcc/arm-none-eabi/5.4.1/../../../../arm-none-eabi/lib/armv7-m\libg_nano.a(lib_a-mprec.o)
                0x000031ba                __hi0bits
 .text.__lo0bits
                0x000031fa       0x5a c:/program files (x86)/cypress/psoc creator/4.4/psoc creator/import/gnu/arm/5.4.1/bin/../lib/gcc/arm-none-eabi/5.4.1/../../../../arm-none-eabi/lib/armv7-m\libg_nano.a(lib_a-mprec.o)
                0x000031fa                __lo0bits
 .text.__i2b    0x00003254       0x12 c:/program files (x86)/cypress/psoc creator/4.4/psoc creator/import/gnu/arm/5.4.1/bin/../lib/gcc/arm-none-eabi/5.4.1/../../../../arm-none-eabi/lib/armv7-m\libg_nano.a(lib_a-mprec.o)
                0x00003254                __i2b
 .text.__multiply
                0x00003266      0x120 c:/program files (x86)/cypress/psoc creator/4.4/psoc creator/import/gnu/arm/5.4.1/bin/../lib/gcc/arm-none-eabi/5.4.1/../../../../arm-none-eabi/lib/armv7-m\libg_nano.a(lib_a-mprec.o)
                0x00003266                __multiply
 *fill*         0x00003386        0x2 
 .text.__pow5mult
                0x00003388       0x9c c:/program files (x86)/cypress/psoc creator/4.4/psoc creator/import/gnu/arm/5.4.1/bin/../lib/gcc/arm-none-eabi/5.4.1/../../../../arm-none-eabi/lib/armv7-m\libg_nano.a(lib_a-mprec.o)
                0x00003388                __pow5mult
 .text.__lshift
                0x00003424       0xa2 c:/program files (x86)/cypress/psoc creator/4.4/psoc creator/import/gnu/arm/5.4.1/bin/../lib/gcc/arm-none-eabi/5.4.1/../../../../arm-none-eabi/lib/armv7-m\libg_nano.a(lib_a-mprec.o)
                0x00003424                __lshift
 .text.__mcmp   0x000034c6       0x38 c:/program files (x86)/cypress/psoc creator/4.4/psoc creator/import/gnu/arm/5.4.1/bin/../lib/gcc/arm-none-eabi/5.4.1/../../../../arm-none-eabi/lib/armv7-m\libg_nano.a(lib_a-mprec.o)
                0x000034c6                __mcmp
 .text.__mdiff  0x000034fe       0xbe c:/program files (x86)/cypress/psoc creator/4.4/psoc creator/import/gnu/arm/5.4.1/bin/../lib/gcc/arm-none-eabi/5.4.1/../../../../arm-none-eabi/lib/armv7-m\libg_nano.a(lib_a-mprec.o)
                0x000034fe                __mdiff
 .text.__d2b    0x000035bc       0x9c c:/program files (x86)/cypress/psoc creator/4.4/psoc creator/import/gnu/arm/5.4.1/bin/../lib/gcc/arm-none-eabi/5.4.1/../../../../arm-none-eabi/lib/armv7-m\libg_nano.a(lib_a-mprec.o)
                0x000035bc                __d2b
 .text._calloc_r
                0x00003658       0x1c c:/program files (x86)/cypress/psoc creator/4.4/psoc creator/import/gnu/arm/5.4.1/bin/../lib/gcc/arm-none-eabi/5.4.1/../../../../arm-none-eabi/lib/armv7-m\libg_nano.a(lib_a-nano-callocr.o)
                0x00003658                _calloc_r
 .text._free_r  0x00003674       0x98 c:/program files (x86)/cypress/psoc creator/4.4/psoc creator/import/gnu/arm/5.4.1/bin/../lib/gcc/arm-none-eabi/5.4.1/../../../../arm-none-eabi/lib/armv7-m\libg_nano.a(lib_a-nano-freer.o)
                0x00003674                _free_r
 .text._malloc_r
                0x0000370c       0xbc c:/program files (x86)/cypress/psoc creator/4.4/psoc creator/import/gnu/arm/5.4.1/bin/../lib/gcc/arm-none-eabi/5.4.1/../../../../arm-none-eabi/lib/armv7-m\libg_nano.a(lib_a-nano-mallocr.o)
                0x0000370c                _malloc_r
 .text.__ssputs_r
                0x000037c8       0xb2 c:/program files (x86)/cypress/psoc creator/4.4/psoc creator/import/gnu/arm/5.4.1/bin/../lib/gcc/arm-none-eabi/5.4.1/../../../../arm-none-eabi/lib/armv7-m\libg_nano.a(lib_a-nano-svfprintf.o)
                0x000037c8                __ssputs_r
 *fill*         0x0000387a        0x2 
 .text._svfprintf_r
                0x0000387c      0x1e8 c:/program files (x86)/cypress/psoc creator/4.4/psoc creator/import/gnu/arm/5.4.1/bin/../lib/gcc/arm-none-eabi/5.4.1/../../../../arm-none-eabi/lib/armv7-m\libg_nano.a(lib_a-nano-svfprintf.o)
                0x0000387c                _svfiprintf_r
                0x0000387c                _svfprintf_r
 .text._sbrk_r  0x00003a64       0x20 c:/program files (x86)/cypress/psoc creator/4.4/psoc creator/import/gnu/arm/5.4.1/bin/../lib/gcc/arm-none-eabi/5.4.1/../../../../arm-none-eabi/lib/armv7-m\libg_nano.a(lib_a-sbrkr.o)
                0x00003a64                _sbrk_r
 .text.memmove  0x00003a84       0x36 c:/program files (x86)/cypress/psoc creator/4.4/psoc creator/import/gnu/arm/5.4.1/bin/../lib/gcc/arm-none-eabi/5.4.1/../../../../arm-none-eabi/lib/armv7-m\libg_nano.a(lib_a-memmove.o)
                0x00003a84                memmove
 .text.__malloc_lock
                0x00003aba        0x2 c:/program files (x86)/cypress/psoc creator/4.4/psoc creator/import/gnu/arm/5.4.1/bin/../lib/gcc/arm-none-eabi/5.4.1/../../../../arm-none-eabi/lib/armv7-m\libg_nano.a(lib_a-mlock.o)
                0x00003aba                __malloc_lock
 .text.__malloc_unlock
                0x00003abc        0x2 c:/program files (x86)/cypress/psoc creator/4.4/psoc creator/import/gnu/arm/5.4.1/bin/../lib/gcc/arm-none-eabi/5.4.1/../../../../arm-none-eabi/lib/armv7-m\libg_nano.a(lib_a-mlock.o)
                0x00003abc                __malloc_unlock
 .text._realloc_r
                0x00003abe       0x4c c:/program files (x86)/cypress/psoc creator/4.4/psoc creator/import/gnu/arm/5.4.1/bin/../lib/gcc/arm-none-eabi/5.4.1/../../../../arm-none-eabi/lib/armv7-m\libg_nano.a(lib_a-nano-reallocr.o)
                0x00003abe                _realloc_r
 .text._malloc_usable_size_r
                0x00003b0a       0x14 c:/program files (x86)/cypress/psoc creator/4.4/psoc creator/import/gnu/arm/5.4.1/bin/../lib/gcc/arm-none-eabi/5.4.1/../../../../arm-none-eabi/lib/armv7-m\libg_nano.a(lib_a-nano-msizer.o)
                0x00003b0a                _malloc_usable_size_r
 *fill*         0x00003b1e        0x2 
 .text          0x00003b20      0x110 c:/program files (x86)/cypress/psoc creator/4.4/psoc creator/import/gnu/arm/5.4.1/bin/../lib/gcc/arm-none-eabi/5.4.1/armv7-m\libgcc.a(_arm_cmpdf2.o)
                0x00003b20                __gtdf2
                0x00003b20                __gedf2
                0x00003b28                __ltdf2
                0x00003b28                __ledf2
                0x00003b30                __nedf2
                0x00003b30                __eqdf2
                0x00003b30                __cmpdf2
                0x00003bac                __aeabi_cdrcmple
                0x00003bbc                __aeabi_cdcmpeq
                0x00003bbc                __aeabi_cdcmple
                0x00003bcc                __aeabi_dcmpeq
                0x00003be0                __aeabi_dcmplt
                0x00003bf4                __aeabi_dcmple
                0x00003c08                __aeabi_dcmpge
                0x00003c1c                __aeabi_dcmpgt
 .text          0x00003c30       0x2c c:/program files (x86)/cypress/psoc creator/4.4/psoc creator/import/gnu/arm/5.4.1/bin/../lib/gcc/arm-none-eabi/5.4.1/armv7-m\libgcc.a(_arm_unorddf2.o)
                0x00003c30                __unorddf2
                0x00003c30                __aeabi_dcmpun
 .text          0x00003c5c       0x50 c:/program files (x86)/cypress/psoc creator/4.4/psoc creator/import/gnu/arm/5.4.1/bin/../lib/gcc/arm-none-eabi/5.4.1/armv7-m\libgcc.a(_arm_fixdfsi.o)
                0x00003c5c                __aeabi_d2iz
                0x00003c5c                __fixdfsi
 *(.plt)
 *(.gnu.warning)
 *(.glue_7t)
 .glue_7t       0x00003cac        0x0 linker stubs
 *(.glue_7)
 .glue_7        0x00003cac        0x0 linker stubs
 *(.vfp11_veneer)
 .vfp11_veneer  0x00003cac        0x0 linker stubs
 *(.bootloader)
 *(.ARM.extab* .gnu.linkonce.armextab.*)
 *(.gcc_except_table)

.v4_bx          0x00003cac        0x0
 .v4_bx         0x00003cac        0x0 linker stubs

.iplt           0x00003cac        0x0
 .iplt          0x00003cac        0x0 c:/program files (x86)/cypress/psoc creator/4.4/psoc creator/import/gnu/arm/5.4.1/bin/../lib/gcc/arm-none-eabi/5.4.1/armv7-m/crtbegin.o

.eh_frame_hdr
 *(.eh_frame_hdr)

.eh_frame       0x00003cac        0x4
 *(.eh_frame)
 .eh_frame      0x00003cac        0x0 c:/program files (x86)/cypress/psoc creator/4.4/psoc creator/import/gnu/arm/5.4.1/bin/../lib/gcc/arm-none-eabi/5.4.1/armv7-m/crtbegin.o
 .eh_frame      0x00003cac        0x4 c:/program files (x86)/cypress/psoc creator/4.4/psoc creator/import/gnu/arm/5.4.1/bin/../lib/gcc/arm-none-eabi/5.4.1/armv7-m/crtend.o
                [!provide]                PROVIDE (__exidx_start, .)

.ARM.exidx
 *(.ARM.exidx* .gnu.linkonce.armexidx.*)
                0x00003cb0                __exidx_end = .

.rodata         0x00003cb0      0x208
 *(.rodata .rodata.* .gnu.linkonce.r.*)
 .rodata.str1.4
                0x00003cb0       0x30 .\CortexM3\ARM_GCC_541\Debug\main.o
                                 0x2f (size before relaxing)
 .rodata        0x00003ce0       0x42 .\CortexM3\ARM_GCC_541\Debug\cyfitter_cfg.o
 .rodata.str1.1
                0x00003d22        0x2 c:/program files (x86)/cypress/psoc creator/4.4/psoc creator/import/gnu/arm/5.4.1/bin/../lib/gcc/arm-none-eabi/5.4.1/../../../../arm-none-eabi/lib/armv7-m\libg_nano.a(lib_a-impure.o)
 .rodata.str1.1
                0x00003d24       0x12 c:/program files (x86)/cypress/psoc creator/4.4/psoc creator/import/gnu/arm/5.4.1/bin/../lib/gcc/arm-none-eabi/5.4.1/../../../../arm-none-eabi/lib/armv7-m\libg_nano.a(lib_a-nano-vfprintf_float.o)
 .rodata.str1.1
                0x00003d36       0x22 c:/program files (x86)/cypress/psoc creator/4.4/psoc creator/import/gnu/arm/5.4.1/bin/../lib/gcc/arm-none-eabi/5.4.1/../../../../arm-none-eabi/lib/armv7-m\libg_nano.a(lib_a-nano-vfprintf_i.o)
 .rodata.str1.1
                0x00003d58        0xd c:/program files (x86)/cypress/psoc creator/4.4/psoc creator/import/gnu/arm/5.4.1/bin/../lib/gcc/arm-none-eabi/5.4.1/../../../../arm-none-eabi/lib/armv7-m\libg_nano.a(lib_a-dtoa.o)
                                  0xf (size before relaxing)
 .rodata.str1.1
                0x00003d65        0x8 c:/program files (x86)/cypress/psoc creator/4.4/psoc creator/import/gnu/arm/5.4.1/bin/../lib/gcc/arm-none-eabi/5.4.1/../../../../arm-none-eabi/lib/armv7-m\libg_nano.a(lib_a-locale.o)
                                  0xb (size before relaxing)
 *fill*         0x00003d6d        0x3 
 .rodata.__mprec_tens
                0x00003d70       0xc8 c:/program files (x86)/cypress/psoc creator/4.4/psoc creator/import/gnu/arm/5.4.1/bin/../lib/gcc/arm-none-eabi/5.4.1/../../../../arm-none-eabi/lib/armv7-m\libg_nano.a(lib_a-mprec.o)
                0x00003d70                __mprec_tens
 .rodata.p05.5408
                0x00003e38        0xc c:/program files (x86)/cypress/psoc creator/4.4/psoc creator/import/gnu/arm/5.4.1/bin/../lib/gcc/arm-none-eabi/5.4.1/../../../../arm-none-eabi/lib/armv7-m\libg_nano.a(lib_a-mprec.o)
 *fill*         0x00003e44        0x4 
 .rodata.__mprec_bigtens
                0x00003e48       0x28 c:/program files (x86)/cypress/psoc creator/4.4/psoc creator/import/gnu/arm/5.4.1/bin/../lib/gcc/arm-none-eabi/5.4.1/../../../../arm-none-eabi/lib/armv7-m\libg_nano.a(lib_a-mprec.o)
                0x00003e48                __mprec_bigtens
 .rodata.str1.1
                0x00003e70       0x11 c:/program files (x86)/cypress/psoc creator/4.4/psoc creator/import/gnu/arm/5.4.1/bin/../lib/gcc/arm-none-eabi/5.4.1/../../../../arm-none-eabi/lib/armv7-m\libg_nano.a(lib_a-nano-svfprintf.o)
                0x00003e84                . = ALIGN (0x4)
 *fill*         0x00003e81        0x3 
 *(.init)
 .init          0x00003e84        0x4 c:/program files (x86)/cypress/psoc creator/4.4/psoc creator/import/gnu/arm/5.4.1/bin/../lib/gcc/arm-none-eabi/5.4.1/armv7-m/crti.o
                0x00003e84                _init
 .init          0x00003e88        0x8 c:/program files (x86)/cypress/psoc creator/4.4/psoc creator/import/gnu/arm/5.4.1/bin/../lib/gcc/arm-none-eabi/5.4.1/armv7-m/crtn.o
                0x00003e90                . = ALIGN (0x4)
                0x00003e90                __preinit_array_start = .
 *(.preinit_array)
                0x00003e90                __preinit_array_end = .
                0x00003e90                . = ALIGN (0x4)
                0x00003e90                __init_array_start = .
 *(SORT(.init_array.*))
 *(.init_array)
 .init_array    0x00003e90        0x4 c:/program files (x86)/cypress/psoc creator/4.4/psoc creator/import/gnu/arm/5.4.1/bin/../lib/gcc/arm-none-eabi/5.4.1/armv7-m/crtbegin.o
 .init_array    0x00003e94        0x4 .\CortexM3\ARM_GCC_541\Debug\Cm3Start.o
                0x00003e98                __init_array_end = .
                0x00003e98                . = ALIGN (0x4)
 *(.fini)
 .fini          0x00003e98        0x4 c:/program files (x86)/cypress/psoc creator/4.4/psoc creator/import/gnu/arm/5.4.1/bin/../lib/gcc/arm-none-eabi/5.4.1/armv7-m/crti.o
                0x00003e98                _fini
 .fini          0x00003e9c        0x8 c:/program files (x86)/cypress/psoc creator/4.4/psoc creator/import/gnu/arm/5.4.1/bin/../lib/gcc/arm-none-eabi/5.4.1/armv7-m/crtn.o
                0x00003ea4                . = ALIGN (0x4)
                0x00003ea4                __fini_array_start = .
 *(.fini_array)
 .fini_array    0x00003ea4        0x4 c:/program files (x86)/cypress/psoc creator/4.4/psoc creator/import/gnu/arm/5.4.1/bin/../lib/gcc/arm-none-eabi/5.4.1/armv7-m/crtbegin.o
 *(SORT(.fini_array.*))
                0x00003ea8                __fini_array_end = .
                0x00003ea8                . = ALIGN (0x4)
 *crtbegin.o(.ctors)
 *(EXCLUDE_FILE(*crtend.o) .ctors)
 *(SORT(.ctors.*))
 *crtend.o(.ctors)
                0x00003ea8                . = ALIGN (0x4)
 *crtbegin.o(.dtors)
 *(EXCLUDE_FILE(*crtend.o) .dtors)
 *(SORT(.dtors.*))
 *crtend.o(.dtors)
                0x00003ea8                . = ALIGN (0x4)
                0x00003ea8                __cy_regions = .
                0x00003ea8        0x4 LONG 0x3eb8 __cy_region_init_ram
                0x00003eac        0x4 LONG 0x1fff80c8 __cy_region_start_data
                0x00003eb0        0x4 LONG 0x100 __cy_region_init_size_ram
                0x00003eb4        0x4 LONG 0xa0 __cy_region_zero_size_ram
                0x00003eb8                __cy_regions_end = .
                0x00003eb8                . = ALIGN (0x8)
                0x00003eb8                _etext = .

.cy_checksum_exclude
                0x00003eb8        0x0
 *(.cy_checksum_exclude)

.ramvectors     0x1fff8000       0xc0
                0x1fff8000                __cy_region_start_ram = .
 *(.ramvectors)
 .ramvectors    0x1fff8000       0xc0 .\CortexM3\ARM_GCC_541\Debug\Cm3Start.o
                0x1fff8000                CyRamVectors

.noinit         0x1fff80c0        0x1
 *(.noinit)
 .noinit        0x1fff80c0        0x1 .\CortexM3\ARM_GCC_541\Debug\Design01.a(CyLib.o)
                0x1fff80c0                CyResetStatus

.data           0x1fff80c8      0x100 load address 0x00003eb8
                0x1fff80c8                __cy_region_start_data = .
 *(.jcr)
 .jcr           0x1fff80c8        0x0 c:/program files (x86)/cypress/psoc creator/4.4/psoc creator/import/gnu/arm/5.4.1/bin/../lib/gcc/arm-none-eabi/5.4.1/armv7-m/crtbegin.o
 .jcr           0x1fff80c8        0x4 c:/program files (x86)/cypress/psoc creator/4.4/psoc creator/import/gnu/arm/5.4.1/bin/../lib/gcc/arm-none-eabi/5.4.1/armv7-m/crtend.o
 *(.got.plt)
 *(.got)
 *(.shdata)
 *(.data .data.* .gnu.linkonce.d.*)
 *fill*         0x1fff80cc        0x4 
 .data          0x1fff80d0       0x42 .\CortexM3\ARM_GCC_541\Debug\main.o
                0x1fff80d0                kp
                0x1fff80d8                kd
                0x1fff80e0                diameter
                0x1fff80e8                Ki
                0x1fff80f0                Kp
                0x1fff80f8                n
                0x1fff8100                n0
                0x1fff8108                target
                0x1fff8110                old_time
 *fill*         0x1fff8112        0x2 
 .data          0x1fff8114        0x4 .\CortexM3\ARM_GCC_541\Debug\Cm3Start.o
 .data          0x1fff8118       0x10 .\CortexM3\ARM_GCC_541\Debug\Design01.a(CyLib.o)
                0x1fff8118                cydelay_32k_ms
                0x1fff811c                cydelay_freq_khz
                0x1fff8120                cydelay_freq_mhz
                0x1fff8124                cydelay_freq_hz
 .data.impure_data
                0x1fff8128       0x60 c:/program files (x86)/cypress/psoc creator/4.4/psoc creator/import/gnu/arm/5.4.1/bin/../lib/gcc/arm-none-eabi/5.4.1/../../../../arm-none-eabi/lib/armv7-m\libg_nano.a(lib_a-impure.o)
 .data._impure_ptr
                0x1fff8188        0x4 c:/program files (x86)/cypress/psoc creator/4.4/psoc creator/import/gnu/arm/5.4.1/bin/../lib/gcc/arm-none-eabi/5.4.1/../../../../arm-none-eabi/lib/armv7-m\libg_nano.a(lib_a-impure.o)
                0x1fff8188                _impure_ptr
 .data.lconv    0x1fff818c       0x38 c:/program files (x86)/cypress/psoc creator/4.4/psoc creator/import/gnu/arm/5.4.1/bin/../lib/gcc/arm-none-eabi/5.4.1/../../../../arm-none-eabi/lib/armv7-m\libg_nano.a(lib_a-locale.o)
                0x1fff81c8                . = ALIGN (0x8)
 *fill*         0x1fff81c4        0x4 
 *(.ram)
                0x1fff81c8                _edata = .

.igot.plt       0x1fff81c8        0x0 load address 0x00003fb8
 .igot.plt      0x1fff81c8        0x0 c:/program files (x86)/cypress/psoc creator/4.4/psoc creator/import/gnu/arm/5.4.1/bin/../lib/gcc/arm-none-eabi/5.4.1/armv7-m/crtbegin.o

.bss            0x1fff81c8       0xa0 load address 0x00003fb8
                0x1fff81c8                PROVIDE (__bss_start__, .)
 *(.shbss)
 *(.bss .bss.* .gnu.linkonce.b.*)
 .bss           0x1fff81c8       0x1c c:/program files (x86)/cypress/psoc creator/4.4/psoc creator/import/gnu/arm/5.4.1/bin/../lib/gcc/arm-none-eabi/5.4.1/armv7-m/crtbegin.o
 *fill*         0x1fff81e4        0x4 
 .bss           0x1fff81e8       0x3c .\CortexM3\ARM_GCC_541\Debug\main.o
                0x1fff81e8                speed
                0x1fff81f0                oldspeed
                0x1fff81f8                flame_found
                0x1fff81f9                servo_set
                0x1fff8200                Kd
                0x1fff8208                derivative
                0x1fff8210                integration
                0x1fff8218                error
                0x1fff8220                dt
                0x1fff8222                new_time
 .bss           0x1fff8224        0x2 .\CortexM3\ARM_GCC_541\Debug\Design01.a(LCD.o)
                0x1fff8224                LCD_enableState
                0x1fff8225                LCD_initVar
 .bss           0x1fff8226        0x2 .\CortexM3\ARM_GCC_541\Debug\Design01.a(UART.o)
                0x1fff8226                UART_initVar
 .bss           0x1fff8228        0x1 .\CortexM3\ARM_GCC_541\Debug\Design01.a(PWM_Motor.o)
                0x1fff8228                PWM_Motor_initVar
 .bss           0x1fff8229        0x1 .\CortexM3\ARM_GCC_541\Debug\Design01.a(Timer_Edge.o)
                0x1fff8229                Timer_Edge_initVar
 .bss           0x1fff822a        0x1 .\CortexM3\ARM_GCC_541\Debug\Design01.a(Comp_Black.o)
                0x1fff822a                Comp_Black_initVar
 .bss           0x1fff822b        0x1 .\CortexM3\ARM_GCC_541\Debug\Design01.a(Ref.o)
                0x1fff822b                Ref_initVar
 .bss           0x1fff822c        0x1 .\CortexM3\ARM_GCC_541\Debug\Design01.a(PWM_Servo.o)
                0x1fff822c                PWM_Servo_initVar
 .bss           0x1fff822d        0x1 .\CortexM3\ARM_GCC_541\Debug\Design01.a(PWM_Fan.o)
                0x1fff822d                PWM_Fan_initVar
 .bss           0x1fff822e        0x1 .\CortexM3\ARM_GCC_541\Debug\Design01.a(PWM_FanServos.o)
                0x1fff822e                PWM_FanServos_initVar
 .bss           0x1fff822f        0x1 .\CortexM3\ARM_GCC_541\Debug\Design01.a(PWM_IRServo.o)
                0x1fff822f                PWM_IRServo_initVar
 .bss           0x1fff8230        0x2 .\CortexM3\ARM_GCC_541\Debug\Design01.a(UART_Mega.o)
                0x1fff8230                UART_Mega_initVar
 .bss           0x1fff8232        0x1 .\CortexM3\ARM_GCC_541\Debug\Design01.a(Timer_Motor.o)
                0x1fff8232                Timer_Motor_initVar
 *fill*         0x1fff8233        0x1 
 .bss.__malloc_sbrk_start
                0x1fff8234        0x4 c:/program files (x86)/cypress/psoc creator/4.4/psoc creator/import/gnu/arm/5.4.1/bin/../lib/gcc/arm-none-eabi/5.4.1/../../../../arm-none-eabi/lib/armv7-m\libg_nano.a(lib_a-nano-mallocr.o)
                0x1fff8234                __malloc_sbrk_start
 .bss.__malloc_free_list
                0x1fff8238        0x4 c:/program files (x86)/cypress/psoc creator/4.4/psoc creator/import/gnu/arm/5.4.1/bin/../lib/gcc/arm-none-eabi/5.4.1/../../../../arm-none-eabi/lib/armv7-m\libg_nano.a(lib_a-nano-mallocr.o)
                0x1fff8238                __malloc_free_list
 *(COMMON)
 *fill*         0x1fff823c        0x4 
 COMMON         0x1fff8240       0x22 .\CortexM3\ARM_GCC_541\Debug\main.o
                0x1fff8240                PWM_Steer
                0x1fff8248                percent
                0x1fff8250                strbuf2
                0x1fff8260                new_timet
 *fill*         0x1fff8262        0x2 
 COMMON         0x1fff8264        0x4 c:/program files (x86)/cypress/psoc creator/4.4/psoc creator/import/gnu/arm/5.4.1/bin/../lib/gcc/arm-none-eabi/5.4.1/../../../../arm-none-eabi/lib/armv7-m\libg_nano.a(lib_a-reent.o)
                0x1fff8264                errno
                0x1fff8268                . = ALIGN (0x8)
 *(.ram.b)
                0x1fff8268                _end = .
                0x1fff8268                __end = .
                0x1fff8268                PROVIDE (end, .)
                0x1fff8268                PROVIDE (__bss_end__, .)
                0x00003eb8                __cy_region_init_ram = LOADADDR (.data)
                0x00000100                __cy_region_init_size_ram = (_edata - ADDR (.data))
                0x000000a0                __cy_region_zero_size_ram = (_end - _edata)

.heap           0x1fff8268     0x1000 load address 0x00003fb8
                0x1fff8268                . = _end
                0x1fff9268                . = (. + 0x1000)
 *fill*         0x1fff8268     0x1000 
                0x1fff9268                __cy_heap_limit = .

.stack          0x20007800      0x800
                0x20007800                __cy_stack_limit = .
                0x20008000                . = (. + 0x800)
 *fill*         0x20007800      0x800 
                0x00000001                ASSERT ((__cy_stack_limit >= __cy_heap_limit), region RAM overflowed with stack)
                0x00000000                cy_checksum_exclude_size = (CY_APPL_LOADABLE == 0x1)?SIZEOF (.cy_checksum_exclude):0x0
                0x00000001                ASSERT ((cy_checksum_exclude_size <= CY_CHECKSUM_EXCLUDE_SIZE), CY_BOOT: Section .cy_checksum_exclude size exceedes specified limit.)

.cyloadermeta
 *(.cyloadermeta)

.cyloadablemeta
 *(.cyloadablemeta)

.cyconfigecc    0x80000000      0xe20
 *(.cyconfigecc)
 .cyconfigecc   0x80000000      0xe20 .\CortexM3\ARM_GCC_541\Debug\cymetadata.o
                0x80000000                cy_meta_configecc

.cycustnvl      0x90000000        0x4
 *(.cycustnvl)
 .cycustnvl     0x90000000        0x4 .\CortexM3\ARM_GCC_541\Debug\cymetadata.o
                0x90000000                cy_meta_custnvl

.cywolatch      0x90100000        0x4
 *(.cywolatch)
 .cywolatch     0x90100000        0x4 .\CortexM3\ARM_GCC_541\Debug\cymetadata.o
                0x90100000                cy_meta_wonvl

.cyeeprom       0x90200000        0x0
 *(.cyeeprom)
                0x00000001                ASSERT ((. <= ((0x90200000 + ee_offset) + ee_size)), .cyeeprom data will not fit in EEPROM)

.cyflashprotect
                0x90400000      0x100
 *(.cyflashprotect)
 .cyflashprotect
                0x90400000      0x100 .\CortexM3\ARM_GCC_541\Debug\cymetadata.o
                0x90400000                cy_meta_flashprotect

.cymeta         0x90500000        0xc
 *(.cymeta)
 .cymeta        0x90500000        0xc .\CortexM3\ARM_GCC_541\Debug\cymetadata.o
                0x90500000                cy_metadata

.rel.dyn        0x00003fb8        0x0 load address 0x9050000c
 .rel.iplt      0x00003fb8        0x0 c:/program files (x86)/cypress/psoc creator/4.4/psoc creator/import/gnu/arm/5.4.1/bin/../lib/gcc/arm-none-eabi/5.4.1/armv7-m/crtbegin.o

.stab
 *(.stab)

.stabstr
 *(.stabstr)

.debug
 *(.debug)

.line
 *(.line)

.debug_srcinfo
 *(.debug_srcinfo)

.debug_sfnames
 *(.debug_sfnames)

.debug_aranges  0x00000000      0xeb0
 *(.debug_aranges)
 .debug_aranges
                0x00000000       0x38 .\CortexM3\ARM_GCC_541\Debug\main.o
 .debug_aranges
                0x00000038       0x58 .\CortexM3\ARM_GCC_541\Debug\cyfitter_cfg.o
 .debug_aranges
                0x00000090       0x18 .\CortexM3\ARM_GCC_541\Debug\cymetadata.o
 .debug_aranges
                0x000000a8       0x48 .\CortexM3\ARM_GCC_541\Debug\Cm3Start.o
 .debug_aranges
                0x000000f0       0x98 .\CortexM3\ARM_GCC_541\Debug\Design01.a(LCD.o)
 .debug_aranges
                0x00000188      0x2a0 .\CortexM3\ARM_GCC_541\Debug\Design01.a(CyLib.o)
 .debug_aranges
                0x00000428       0x98 .\CortexM3\ARM_GCC_541\Debug\Design01.a(cyPm.o)
 .debug_aranges
                0x000004c0       0xf0 .\CortexM3\ARM_GCC_541\Debug\Design01.a(UART.o)
 .debug_aranges
                0x000005b0       0x70 .\CortexM3\ARM_GCC_541\Debug\Design01.a(UART_IntClock.o)
 .debug_aranges
                0x00000620       0x98 .\CortexM3\ARM_GCC_541\Debug\Design01.a(PWM_Motor.o)
 .debug_aranges
                0x000006b8       0x98 .\CortexM3\ARM_GCC_541\Debug\Design01.a(Timer_Edge.o)
 .debug_aranges
                0x00000750       0x70 .\CortexM3\ARM_GCC_541\Debug\Design01.a(Comp_Black.o)
 .debug_aranges
                0x000007c0       0x58 .\CortexM3\ARM_GCC_541\Debug\Design01.a(Ref.o)
 .debug_aranges
                0x00000818       0x80 .\CortexM3\ARM_GCC_541\Debug\Design01.a(turn.o)
 .debug_aranges
                0x00000898       0x98 .\CortexM3\ARM_GCC_541\Debug\Design01.a(PWM_Servo.o)
 .debug_aranges
                0x00000930       0xa8 .\CortexM3\ARM_GCC_541\Debug\Design01.a(PWM_Fan.o)
 .debug_aranges
                0x000009d8       0xa8 .\CortexM3\ARM_GCC_541\Debug\Design01.a(PWM_FanServos.o)
 .debug_aranges
                0x00000a80       0x98 .\CortexM3\ARM_GCC_541\Debug\Design01.a(PWM_IRServo.o)
 .debug_aranges
                0x00000b18       0xf0 .\CortexM3\ARM_GCC_541\Debug\Design01.a(UART_Mega.o)
 .debug_aranges
                0x00000c08       0x70 .\CortexM3\ARM_GCC_541\Debug\Design01.a(UART_Mega_IntClock.o)
 .debug_aranges
                0x00000c78       0x80 .\CortexM3\ARM_GCC_541\Debug\Design01.a(Motor_Stop.o)
 .debug_aranges
                0x00000cf8       0x90 .\CortexM3\ARM_GCC_541\Debug\Design01.a(Timer_Motor.o)
 .debug_aranges
                0x00000d88       0x20 .\CortexM3\ARM_GCC_541\Debug\Design01.a(CyBootAsmGnu.o)
 .debug_aranges
                0x00000da8       0x88 .\CortexM3\ARM_GCC_541\Debug\Design01.a(CyFlash.o)
 .debug_aranges
                0x00000e30       0x80 .\CortexM3\ARM_GCC_541\Debug\Design01.a(CySpc.o)

.debug_pubnames
 *(.debug_pubnames)

.debug_info     0x00000000     0x74a6
 *(.debug_info .gnu.linkonce.wi.*)
 .debug_info    0x00000000      0x68e .\CortexM3\ARM_GCC_541\Debug\main.o
 .debug_info    0x0000068e      0x604 .\CortexM3\ARM_GCC_541\Debug\cyfitter_cfg.o
 .debug_info    0x00000c92      0x139 .\CortexM3\ARM_GCC_541\Debug\cymetadata.o
 .debug_info    0x00000dcb      0x3bb .\CortexM3\ARM_GCC_541\Debug\Cm3Start.o
 .debug_info    0x00001186      0x715 .\CortexM3\ARM_GCC_541\Debug\Design01.a(LCD.o)
 .debug_info    0x0000189b     0x1374 .\CortexM3\ARM_GCC_541\Debug\Design01.a(CyLib.o)
 .debug_info    0x00002c0f      0xa2a .\CortexM3\ARM_GCC_541\Debug\Design01.a(cyPm.o)
 .debug_info    0x00003639      0x60c .\CortexM3\ARM_GCC_541\Debug\Design01.a(UART.o)
 .debug_info    0x00003c45      0x283 .\CortexM3\ARM_GCC_541\Debug\Design01.a(UART_IntClock.o)
 .debug_info    0x00003ec8      0x333 .\CortexM3\ARM_GCC_541\Debug\Design01.a(PWM_Motor.o)
 .debug_info    0x000041fb      0x328 .\CortexM3\ARM_GCC_541\Debug\Design01.a(Timer_Edge.o)
 .debug_info    0x00004523      0x2c8 .\CortexM3\ARM_GCC_541\Debug\Design01.a(Comp_Black.o)
 .debug_info    0x000047eb      0x1de .\CortexM3\ARM_GCC_541\Debug\Design01.a(Ref.o)
 .debug_info    0x000049c9      0x2d2 .\CortexM3\ARM_GCC_541\Debug\Design01.a(turn.o)
 .debug_info    0x00004c9b      0x334 .\CortexM3\ARM_GCC_541\Debug\Design01.a(PWM_Servo.o)
 .debug_info    0x00004fcf      0x383 .\CortexM3\ARM_GCC_541\Debug\Design01.a(PWM_Fan.o)
 .debug_info    0x00005352      0x383 .\CortexM3\ARM_GCC_541\Debug\Design01.a(PWM_FanServos.o)
 .debug_info    0x000056d5      0x334 .\CortexM3\ARM_GCC_541\Debug\Design01.a(PWM_IRServo.o)
 .debug_info    0x00005a09      0x60c .\CortexM3\ARM_GCC_541\Debug\Design01.a(UART_Mega.o)
 .debug_info    0x00006015      0x283 .\CortexM3\ARM_GCC_541\Debug\Design01.a(UART_Mega_IntClock.o)
 .debug_info    0x00006298      0x2d2 .\CortexM3\ARM_GCC_541\Debug\Design01.a(Motor_Stop.o)
 .debug_info    0x0000656a      0x2ee .\CortexM3\ARM_GCC_541\Debug\Design01.a(Timer_Motor.o)
 .debug_info    0x00006858       0xb1 .\CortexM3\ARM_GCC_541\Debug\Design01.a(CyBootAsmGnu.o)
 .debug_info    0x00006909      0x64d .\CortexM3\ARM_GCC_541\Debug\Design01.a(CyFlash.o)
 .debug_info    0x00006f56      0x550 .\CortexM3\ARM_GCC_541\Debug\Design01.a(CySpc.o)

.debug_abbrev   0x00000000     0x2180
 *(.debug_abbrev)
 .debug_abbrev  0x00000000      0x164 .\CortexM3\ARM_GCC_541\Debug\main.o
 .debug_abbrev  0x00000164      0x20d .\CortexM3\ARM_GCC_541\Debug\cyfitter_cfg.o
 .debug_abbrev  0x00000371       0x77 .\CortexM3\ARM_GCC_541\Debug\cymetadata.o
 .debug_abbrev  0x000003e8      0x1e8 .\CortexM3\ARM_GCC_541\Debug\Cm3Start.o
 .debug_abbrev  0x000005d0      0x157 .\CortexM3\ARM_GCC_541\Debug\Design01.a(LCD.o)
 .debug_abbrev  0x00000727      0x254 .\CortexM3\ARM_GCC_541\Debug\Design01.a(CyLib.o)
 .debug_abbrev  0x0000097b      0x1ab .\CortexM3\ARM_GCC_541\Debug\Design01.a(cyPm.o)
 .debug_abbrev  0x00000b26      0x175 .\CortexM3\ARM_GCC_541\Debug\Design01.a(UART.o)
 .debug_abbrev  0x00000c9b      0x139 .\CortexM3\ARM_GCC_541\Debug\Design01.a(UART_IntClock.o)
 .debug_abbrev  0x00000dd4      0x133 .\CortexM3\ARM_GCC_541\Debug\Design01.a(PWM_Motor.o)
 .debug_abbrev  0x00000f07      0x13a .\CortexM3\ARM_GCC_541\Debug\Design01.a(Timer_Edge.o)
 .debug_abbrev  0x00001041      0x16e .\CortexM3\ARM_GCC_541\Debug\Design01.a(Comp_Black.o)
 .debug_abbrev  0x000011af       0xf7 .\CortexM3\ARM_GCC_541\Debug\Design01.a(Ref.o)
 .debug_abbrev  0x000012a6      0x173 .\CortexM3\ARM_GCC_541\Debug\Design01.a(turn.o)
 .debug_abbrev  0x00001419      0x133 .\CortexM3\ARM_GCC_541\Debug\Design01.a(PWM_Servo.o)
 .debug_abbrev  0x0000154c      0x133 .\CortexM3\ARM_GCC_541\Debug\Design01.a(PWM_Fan.o)
 .debug_abbrev  0x0000167f      0x133 .\CortexM3\ARM_GCC_541\Debug\Design01.a(PWM_FanServos.o)
 .debug_abbrev  0x000017b2      0x133 .\CortexM3\ARM_GCC_541\Debug\Design01.a(PWM_IRServo.o)
 .debug_abbrev  0x000018e5      0x175 .\CortexM3\ARM_GCC_541\Debug\Design01.a(UART_Mega.o)
 .debug_abbrev  0x00001a5a      0x139 .\CortexM3\ARM_GCC_541\Debug\Design01.a(UART_Mega_IntClock.o)
 .debug_abbrev  0x00001b93      0x173 .\CortexM3\ARM_GCC_541\Debug\Design01.a(Motor_Stop.o)
 .debug_abbrev  0x00001d06      0x12b .\CortexM3\ARM_GCC_541\Debug\Design01.a(Timer_Motor.o)
 .debug_abbrev  0x00001e31       0x14 .\CortexM3\ARM_GCC_541\Debug\Design01.a(CyBootAsmGnu.o)
 .debug_abbrev  0x00001e45      0x1a7 .\CortexM3\ARM_GCC_541\Debug\Design01.a(CyFlash.o)
 .debug_abbrev  0x00001fec      0x194 .\CortexM3\ARM_GCC_541\Debug\Design01.a(CySpc.o)

.debug_line     0x00000000     0x32dc
 *(.debug_line)
 .debug_line    0x00000000      0x300 .\CortexM3\ARM_GCC_541\Debug\main.o
 .debug_line    0x00000300      0x208 .\CortexM3\ARM_GCC_541\Debug\cyfitter_cfg.o
 .debug_line    0x00000508      0x141 .\CortexM3\ARM_GCC_541\Debug\cymetadata.o
 .debug_line    0x00000649      0x234 .\CortexM3\ARM_GCC_541\Debug\Cm3Start.o
 .debug_line    0x0000087d      0x1dc .\CortexM3\ARM_GCC_541\Debug\Design01.a(LCD.o)
 .debug_line    0x00000a59      0x816 .\CortexM3\ARM_GCC_541\Debug\Design01.a(CyLib.o)
 .debug_line    0x0000126f      0x367 .\CortexM3\ARM_GCC_541\Debug\Design01.a(cyPm.o)
 .debug_line    0x000015d6      0x2bc .\CortexM3\ARM_GCC_541\Debug\Design01.a(UART.o)
 .debug_line    0x00001892      0x17c .\CortexM3\ARM_GCC_541\Debug\Design01.a(UART_IntClock.o)
 .debug_line    0x00001a0e      0x189 .\CortexM3\ARM_GCC_541\Debug\Design01.a(PWM_Motor.o)
 .debug_line    0x00001b97      0x187 .\CortexM3\ARM_GCC_541\Debug\Design01.a(Timer_Edge.o)
 .debug_line    0x00001d1e      0x169 .\CortexM3\ARM_GCC_541\Debug\Design01.a(Comp_Black.o)
 .debug_line    0x00001e87       0xe0 .\CortexM3\ARM_GCC_541\Debug\Design01.a(Ref.o)
 .debug_line    0x00001f67      0x131 .\CortexM3\ARM_GCC_541\Debug\Design01.a(turn.o)
 .debug_line    0x00002098      0x189 .\CortexM3\ARM_GCC_541\Debug\Design01.a(PWM_Servo.o)
 .debug_line    0x00002221      0x1ab .\CortexM3\ARM_GCC_541\Debug\Design01.a(PWM_Fan.o)
 .debug_line    0x000023cc      0x1b1 .\CortexM3\ARM_GCC_541\Debug\Design01.a(PWM_FanServos.o)
 .debug_line    0x0000257d      0x18b .\CortexM3\ARM_GCC_541\Debug\Design01.a(PWM_IRServo.o)
 .debug_line    0x00002708      0x2c6 .\CortexM3\ARM_GCC_541\Debug\Design01.a(UART_Mega.o)
 .debug_line    0x000029ce      0x181 .\CortexM3\ARM_GCC_541\Debug\Design01.a(UART_Mega_IntClock.o)
 .debug_line    0x00002b4f      0x137 .\CortexM3\ARM_GCC_541\Debug\Design01.a(Motor_Stop.o)
 .debug_line    0x00002c86      0x176 .\CortexM3\ARM_GCC_541\Debug\Design01.a(Timer_Motor.o)
 .debug_line    0x00002dfc       0x66 .\CortexM3\ARM_GCC_541\Debug\Design01.a(CyBootAsmGnu.o)
 .debug_line    0x00002e62      0x21a .\CortexM3\ARM_GCC_541\Debug\Design01.a(CyFlash.o)
 .debug_line    0x0000307c      0x260 .\CortexM3\ARM_GCC_541\Debug\Design01.a(CySpc.o)

.debug_frame    0x00000000     0x2b30
 *(.debug_frame)
 .debug_frame   0x00000000       0x84 .\CortexM3\ARM_GCC_541\Debug\main.o
 .debug_frame   0x00000084       0xe4 .\CortexM3\ARM_GCC_541\Debug\cyfitter_cfg.o
 .debug_frame   0x00000168       0xb8 .\CortexM3\ARM_GCC_541\Debug\Cm3Start.o
 .debug_frame   0x00000220      0x1e8 .\CortexM3\ARM_GCC_541\Debug\Design01.a(LCD.o)
 .debug_frame   0x00000408      0x738 .\CortexM3\ARM_GCC_541\Debug\Design01.a(CyLib.o)
 .debug_frame   0x00000b40      0x1f8 .\CortexM3\ARM_GCC_541\Debug\Design01.a(cyPm.o)
 .debug_frame   0x00000d38      0x250 .\CortexM3\ARM_GCC_541\Debug\Design01.a(UART.o)
 .debug_frame   0x00000f88       0xe0 .\CortexM3\ARM_GCC_541\Debug\Design01.a(UART_IntClock.o)
 .debug_frame   0x00001068      0x134 .\CortexM3\ARM_GCC_541\Debug\Design01.a(PWM_Motor.o)
 .debug_frame   0x0000119c      0x134 .\CortexM3\ARM_GCC_541\Debug\Design01.a(Timer_Edge.o)
 .debug_frame   0x000012d0      0x108 .\CortexM3\ARM_GCC_541\Debug\Design01.a(Comp_Black.o)
 .debug_frame   0x000013d8       0xb4 .\CortexM3\ARM_GCC_541\Debug\Design01.a(Ref.o)
 .debug_frame   0x0000148c      0x104 .\CortexM3\ARM_GCC_541\Debug\Design01.a(turn.o)
 .debug_frame   0x00001590      0x134 .\CortexM3\ARM_GCC_541\Debug\Design01.a(PWM_Servo.o)
 .debug_frame   0x000016c4      0x154 .\CortexM3\ARM_GCC_541\Debug\Design01.a(PWM_Fan.o)
 .debug_frame   0x00001818      0x154 .\CortexM3\ARM_GCC_541\Debug\Design01.a(PWM_FanServos.o)
 .debug_frame   0x0000196c      0x134 .\CortexM3\ARM_GCC_541\Debug\Design01.a(PWM_IRServo.o)
 .debug_frame   0x00001aa0      0x250 .\CortexM3\ARM_GCC_541\Debug\Design01.a(UART_Mega.o)
 .debug_frame   0x00001cf0       0xe0 .\CortexM3\ARM_GCC_541\Debug\Design01.a(UART_Mega_IntClock.o)
 .debug_frame   0x00001dd0      0x104 .\CortexM3\ARM_GCC_541\Debug\Design01.a(Motor_Stop.o)
 .debug_frame   0x00001ed4      0x124 .\CortexM3\ARM_GCC_541\Debug\Design01.a(Timer_Motor.o)
 .debug_frame   0x00001ff8      0x194 .\CortexM3\ARM_GCC_541\Debug\Design01.a(CyFlash.o)
 .debug_frame   0x0000218c      0x180 .\CortexM3\ARM_GCC_541\Debug\Design01.a(CySpc.o)
 .debug_frame   0x0000230c       0x20 c:/program files (x86)/cypress/psoc creator/4.4/psoc creator/import/gnu/arm/5.4.1/bin/../lib/gcc/arm-none-eabi/5.4.1/../../../../arm-none-eabi/lib/armv7-m\libg_nano.a(lib_a-errno.o)
 .debug_frame   0x0000232c       0x28 c:/program files (x86)/cypress/psoc creator/4.4/psoc creator/import/gnu/arm/5.4.1/bin/../lib/gcc/arm-none-eabi/5.4.1/../../../../arm-none-eabi/lib/armv7-m\libg_nano.a(lib_a-exit.o)
 .debug_frame   0x00002354       0x2c c:/program files (x86)/cypress/psoc creator/4.4/psoc creator/import/gnu/arm/5.4.1/bin/../lib/gcc/arm-none-eabi/5.4.1/../../../../arm-none-eabi/lib/armv7-m\libg_nano.a(lib_a-init.o)
 .debug_frame   0x00002380       0x28 c:/program files (x86)/cypress/psoc creator/4.4/psoc creator/import/gnu/arm/5.4.1/bin/../lib/gcc/arm-none-eabi/5.4.1/../../../../arm-none-eabi/lib/armv7-m\libg_nano.a(lib_a-memcpy-stub.o)
 .debug_frame   0x000023a8       0x20 c:/program files (x86)/cypress/psoc creator/4.4/psoc creator/import/gnu/arm/5.4.1/bin/../lib/gcc/arm-none-eabi/5.4.1/../../../../arm-none-eabi/lib/armv7-m\libg_nano.a(lib_a-memset.o)
 .debug_frame   0x000023c8       0x8c c:/program files (x86)/cypress/psoc creator/4.4/psoc creator/import/gnu/arm/5.4.1/bin/../lib/gcc/arm-none-eabi/5.4.1/../../../../arm-none-eabi/lib/armv7-m\libg_nano.a(lib_a-nano-vfprintf_float.o)
 .debug_frame   0x00002454       0x60 c:/program files (x86)/cypress/psoc creator/4.4/psoc creator/import/gnu/arm/5.4.1/bin/../lib/gcc/arm-none-eabi/5.4.1/../../../../arm-none-eabi/lib/armv7-m\libg_nano.a(lib_a-nano-vfprintf_i.o)
 .debug_frame   0x000024b4       0x70 c:/program files (x86)/cypress/psoc creator/4.4/psoc creator/import/gnu/arm/5.4.1/bin/../lib/gcc/arm-none-eabi/5.4.1/../../../../arm-none-eabi/lib/armv7-m\libg_nano.a(lib_a-sprintf.o)
 .debug_frame   0x00002524       0x6c c:/program files (x86)/cypress/psoc creator/4.4/psoc creator/import/gnu/arm/5.4.1/bin/../lib/gcc/arm-none-eabi/5.4.1/../../../../arm-none-eabi/lib/armv7-m\libg_nano.a(lib_a-dtoa.o)
 .debug_frame   0x00002590       0x98 c:/program files (x86)/cypress/psoc creator/4.4/psoc creator/import/gnu/arm/5.4.1/bin/../lib/gcc/arm-none-eabi/5.4.1/../../../../arm-none-eabi/lib/armv7-m\libg_nano.a(lib_a-locale.o)
 .debug_frame   0x00002628       0x30 c:/program files (x86)/cypress/psoc creator/4.4/psoc creator/import/gnu/arm/5.4.1/bin/../lib/gcc/arm-none-eabi/5.4.1/../../../../arm-none-eabi/lib/armv7-m\libg_nano.a(lib_a-malloc.o)
 .debug_frame   0x00002658       0x28 c:/program files (x86)/cypress/psoc creator/4.4/psoc creator/import/gnu/arm/5.4.1/bin/../lib/gcc/arm-none-eabi/5.4.1/../../../../arm-none-eabi/lib/armv7-m\libg_nano.a(lib_a-memchr-stub.o)
 .debug_frame   0x00002680      0x234 c:/program files (x86)/cypress/psoc creator/4.4/psoc creator/import/gnu/arm/5.4.1/bin/../lib/gcc/arm-none-eabi/5.4.1/../../../../arm-none-eabi/lib/armv7-m\libg_nano.a(lib_a-mprec.o)
 .debug_frame   0x000028b4       0x2c c:/program files (x86)/cypress/psoc creator/4.4/psoc creator/import/gnu/arm/5.4.1/bin/../lib/gcc/arm-none-eabi/5.4.1/../../../../arm-none-eabi/lib/armv7-m\libg_nano.a(lib_a-nano-callocr.o)
 .debug_frame   0x000028e0       0x38 c:/program files (x86)/cypress/psoc creator/4.4/psoc creator/import/gnu/arm/5.4.1/bin/../lib/gcc/arm-none-eabi/5.4.1/../../../../arm-none-eabi/lib/armv7-m\libg_nano.a(lib_a-nano-freer.o)
 .debug_frame   0x00002918       0x2c c:/program files (x86)/cypress/psoc creator/4.4/psoc creator/import/gnu/arm/5.4.1/bin/../lib/gcc/arm-none-eabi/5.4.1/../../../../arm-none-eabi/lib/armv7-m\libg_nano.a(lib_a-nano-mallocr.o)
 .debug_frame   0x00002944       0x90 c:/program files (x86)/cypress/psoc creator/4.4/psoc creator/import/gnu/arm/5.4.1/bin/../lib/gcc/arm-none-eabi/5.4.1/../../../../arm-none-eabi/lib/armv7-m\libg_nano.a(lib_a-nano-svfprintf.o)
 .debug_frame   0x000029d4       0x2c c:/program files (x86)/cypress/psoc creator/4.4/psoc creator/import/gnu/arm/5.4.1/bin/../lib/gcc/arm-none-eabi/5.4.1/../../../../arm-none-eabi/lib/armv7-m\libg_nano.a(lib_a-sbrkr.o)
 .debug_frame   0x00002a00       0x20 c:/program files (x86)/cypress/psoc creator/4.4/psoc creator/import/gnu/arm/5.4.1/bin/../lib/gcc/arm-none-eabi/5.4.1/../../../../arm-none-eabi/lib/armv7-m\libg_nano.a(lib_a-strcmp.o)
 .debug_frame   0x00002a20       0x28 c:/program files (x86)/cypress/psoc creator/4.4/psoc creator/import/gnu/arm/5.4.1/bin/../lib/gcc/arm-none-eabi/5.4.1/../../../../arm-none-eabi/lib/armv7-m\libg_nano.a(lib_a-memmove.o)
 .debug_frame   0x00002a48       0x30 c:/program files (x86)/cypress/psoc creator/4.4/psoc creator/import/gnu/arm/5.4.1/bin/../lib/gcc/arm-none-eabi/5.4.1/../../../../arm-none-eabi/lib/armv7-m\libg_nano.a(lib_a-mlock.o)
 .debug_frame   0x00002a78       0x3c c:/program files (x86)/cypress/psoc creator/4.4/psoc creator/import/gnu/arm/5.4.1/bin/../lib/gcc/arm-none-eabi/5.4.1/../../../../arm-none-eabi/lib/armv7-m\libg_nano.a(lib_a-nano-reallocr.o)
 .debug_frame   0x00002ab4       0x5c c:/program files (x86)/cypress/psoc creator/4.4/psoc creator/import/gnu/arm/5.4.1/bin/../lib/gcc/arm-none-eabi/5.4.1/../../../../arm-none-eabi/lib/armv7-m\libg_nano.a(lib_a-reent.o)
 .debug_frame   0x00002b10       0x20 c:/program files (x86)/cypress/psoc creator/4.4/psoc creator/import/gnu/arm/5.4.1/bin/../lib/gcc/arm-none-eabi/5.4.1/../../../../arm-none-eabi/lib/armv7-m\libg_nano.a(lib_a-nano-msizer.o)

.debug_str      0x00000000     0x2e48
 *(.debug_str)
 .debug_str     0x00000000      0x44f .\CortexM3\ARM_GCC_541\Debug\main.o
                                0x4a5 (size before relaxing)
 .debug_str     0x0000044f      0x1af .\CortexM3\ARM_GCC_541\Debug\cyfitter_cfg.o
                                0x365 (size before relaxing)
 .debug_str     0x000005fe       0x75 .\CortexM3\ARM_GCC_541\Debug\cymetadata.o
                                0x205 (size before relaxing)
 .debug_str     0x00000673      0x144 .\CortexM3\ARM_GCC_541\Debug\Cm3Start.o
                                0x32b (size before relaxing)
 .debug_str     0x000007b7      0x162 .\CortexM3\ARM_GCC_541\Debug\Design01.a(LCD.o)
                                0x34c (size before relaxing)
 .debug_str     0x00000919      0x824 .\CortexM3\ARM_GCC_541\Debug\Design01.a(CyLib.o)
                                0xa68 (size before relaxing)
 .debug_str     0x0000113d      0x365 .\CortexM3\ARM_GCC_541\Debug\Design01.a(cyPm.o)
                                0x754 (size before relaxing)
 .debug_str     0x000014a2      0x280 .\CortexM3\ARM_GCC_541\Debug\Design01.a(UART.o)
                                0x496 (size before relaxing)
 .debug_str     0x00001722      0x183 .\CortexM3\ARM_GCC_541\Debug\Design01.a(UART_IntClock.o)
                                0x357 (size before relaxing)
 .debug_str     0x000018a5      0x1bb .\CortexM3\ARM_GCC_541\Debug\Design01.a(PWM_Motor.o)
                                0x3be (size before relaxing)
 .debug_str     0x00001a60      0x196 .\CortexM3\ARM_GCC_541\Debug\Design01.a(Timer_Edge.o)
                                0x3e2 (size before relaxing)
 .debug_str     0x00001bf6      0x150 .\CortexM3\ARM_GCC_541\Debug\Design01.a(Comp_Black.o)
                                0x32d (size before relaxing)
 .debug_str     0x00001d46       0x7f .\CortexM3\ARM_GCC_541\Debug\Design01.a(Ref.o)
                                0x22c (size before relaxing)
 .debug_str     0x00001dc5       0xbe .\CortexM3\ARM_GCC_541\Debug\Design01.a(turn.o)
                                0x2b9 (size before relaxing)
 .debug_str     0x00001e83      0x18a .\CortexM3\ARM_GCC_541\Debug\Design01.a(PWM_Servo.o)
                                0x3be (size before relaxing)
 .debug_str     0x0000200d      0x17e .\CortexM3\ARM_GCC_541\Debug\Design01.a(PWM_Fan.o)
                                0x3c5 (size before relaxing)
 .debug_str     0x0000218b      0x1ea .\CortexM3\ARM_GCC_541\Debug\Design01.a(PWM_FanServos.o)
                                0x443 (size before relaxing)
 .debug_str     0x00002375      0x1ac .\CortexM3\ARM_GCC_541\Debug\Design01.a(PWM_IRServo.o)
                                0x3e4 (size before relaxing)
 .debug_str     0x00002521      0x2a0 .\CortexM3\ARM_GCC_541\Debug\Design01.a(UART_Mega.o)
                                0x531 (size before relaxing)
 .debug_str     0x000027c1      0x16a .\CortexM3\ARM_GCC_541\Debug\Design01.a(UART_Mega_IntClock.o)
                                0x393 (size before relaxing)
 .debug_str     0x0000292b      0x106 .\CortexM3\ARM_GCC_541\Debug\Design01.a(Motor_Stop.o)
                                0x30d (size before relaxing)
 .debug_str     0x00002a31      0x1b0 .\CortexM3\ARM_GCC_541\Debug\Design01.a(Timer_Motor.o)
                                0x3c8 (size before relaxing)
 .debug_str     0x00002be1      0x1bb .\CortexM3\ARM_GCC_541\Debug\Design01.a(CyFlash.o)
                                0x3e1 (size before relaxing)
 .debug_str     0x00002d9c       0xac .\CortexM3\ARM_GCC_541\Debug\Design01.a(CySpc.o)
                                0x359 (size before relaxing)

.debug_loc      0x00000000     0x2854
 *(.debug_loc)
 .debug_loc     0x00000000       0x30 .\CortexM3\ARM_GCC_541\Debug\main.o
 .debug_loc     0x00000030      0x25a .\CortexM3\ARM_GCC_541\Debug\cyfitter_cfg.o
 .debug_loc     0x0000028a      0x144 .\CortexM3\ARM_GCC_541\Debug\Cm3Start.o
 .debug_loc     0x000003ce      0x3c6 .\CortexM3\ARM_GCC_541\Debug\Design01.a(LCD.o)
 .debug_loc     0x00000794      0xa11 .\CortexM3\ARM_GCC_541\Debug\Design01.a(CyLib.o)
 .debug_loc     0x000011a5      0x1e4 .\CortexM3\ARM_GCC_541\Debug\Design01.a(cyPm.o)
 .debug_loc     0x00001389      0x258 .\CortexM3\ARM_GCC_541\Debug\Design01.a(UART.o)
 .debug_loc     0x000015e1      0x128 .\CortexM3\ARM_GCC_541\Debug\Design01.a(UART_IntClock.o)
 .debug_loc     0x00001709       0x26 .\CortexM3\ARM_GCC_541\Debug\Design01.a(PWM_Motor.o)
 .debug_loc     0x0000172f       0x31 .\CortexM3\ARM_GCC_541\Debug\Design01.a(Timer_Edge.o)
 .debug_loc     0x00001760       0xed .\CortexM3\ARM_GCC_541\Debug\Design01.a(Comp_Black.o)
 .debug_loc     0x0000184d       0x79 .\CortexM3\ARM_GCC_541\Debug\Design01.a(Ref.o)
 .debug_loc     0x000018c6       0x56 .\CortexM3\ARM_GCC_541\Debug\Design01.a(turn.o)
 .debug_loc     0x0000191c       0x26 .\CortexM3\ARM_GCC_541\Debug\Design01.a(PWM_Servo.o)
 .debug_loc     0x00001942       0x26 .\CortexM3\ARM_GCC_541\Debug\Design01.a(PWM_Fan.o)
 .debug_loc     0x00001968       0x26 .\CortexM3\ARM_GCC_541\Debug\Design01.a(PWM_FanServos.o)
 .debug_loc     0x0000198e       0x26 .\CortexM3\ARM_GCC_541\Debug\Design01.a(PWM_IRServo.o)
 .debug_loc     0x000019b4      0x258 .\CortexM3\ARM_GCC_541\Debug\Design01.a(UART_Mega.o)
 .debug_loc     0x00001c0c      0x128 .\CortexM3\ARM_GCC_541\Debug\Design01.a(UART_Mega_IntClock.o)
 .debug_loc     0x00001d34       0x56 .\CortexM3\ARM_GCC_541\Debug\Design01.a(Motor_Stop.o)
 .debug_loc     0x00001d8a       0x13 .\CortexM3\ARM_GCC_541\Debug\Design01.a(Timer_Motor.o)
 .debug_loc     0x00001d9d      0x3b2 .\CortexM3\ARM_GCC_541\Debug\Design01.a(CyFlash.o)
 .debug_loc     0x0000214f      0x705 .\CortexM3\ARM_GCC_541\Debug\Design01.a(CySpc.o)

.debug_macinfo
 *(.debug_macinfo)

.debug_ranges   0x00000000      0xd08
 *(.debug_ranges)
 .debug_ranges  0x00000000       0x28 .\CortexM3\ARM_GCC_541\Debug\main.o
 .debug_ranges  0x00000028       0x48 .\CortexM3\ARM_GCC_541\Debug\cyfitter_cfg.o
 .debug_ranges  0x00000070       0x38 .\CortexM3\ARM_GCC_541\Debug\Cm3Start.o
 .debug_ranges  0x000000a8       0x88 .\CortexM3\ARM_GCC_541\Debug\Design01.a(LCD.o)
 .debug_ranges  0x00000130      0x290 .\CortexM3\ARM_GCC_541\Debug\Design01.a(CyLib.o)
 .debug_ranges  0x000003c0       0x88 .\CortexM3\ARM_GCC_541\Debug\Design01.a(cyPm.o)
 .debug_ranges  0x00000448       0xe0 .\CortexM3\ARM_GCC_541\Debug\Design01.a(UART.o)
 .debug_ranges  0x00000528       0x60 .\CortexM3\ARM_GCC_541\Debug\Design01.a(UART_IntClock.o)
 .debug_ranges  0x00000588       0x88 .\CortexM3\ARM_GCC_541\Debug\Design01.a(PWM_Motor.o)
 .debug_ranges  0x00000610       0x88 .\CortexM3\ARM_GCC_541\Debug\Design01.a(Timer_Edge.o)
 .debug_ranges  0x00000698       0x60 .\CortexM3\ARM_GCC_541\Debug\Design01.a(Comp_Black.o)
 .debug_ranges  0x000006f8       0x48 .\CortexM3\ARM_GCC_541\Debug\Design01.a(Ref.o)
 .debug_ranges  0x00000740       0x70 .\CortexM3\ARM_GCC_541\Debug\Design01.a(turn.o)
 .debug_ranges  0x000007b0       0x88 .\CortexM3\ARM_GCC_541\Debug\Design01.a(PWM_Servo.o)
 .debug_ranges  0x00000838       0x98 .\CortexM3\ARM_GCC_541\Debug\Design01.a(PWM_Fan.o)
 .debug_ranges  0x000008d0       0x98 .\CortexM3\ARM_GCC_541\Debug\Design01.a(PWM_FanServos.o)
 .debug_ranges  0x00000968       0x88 .\CortexM3\ARM_GCC_541\Debug\Design01.a(PWM_IRServo.o)
 .debug_ranges  0x000009f0       0xe0 .\CortexM3\ARM_GCC_541\Debug\Design01.a(UART_Mega.o)
 .debug_ranges  0x00000ad0       0x60 .\CortexM3\ARM_GCC_541\Debug\Design01.a(UART_Mega_IntClock.o)
 .debug_ranges  0x00000b30       0x70 .\CortexM3\ARM_GCC_541\Debug\Design01.a(Motor_Stop.o)
 .debug_ranges  0x00000ba0       0x80 .\CortexM3\ARM_GCC_541\Debug\Design01.a(Timer_Motor.o)
 .debug_ranges  0x00000c20       0x78 .\CortexM3\ARM_GCC_541\Debug\Design01.a(CyFlash.o)
 .debug_ranges  0x00000c98       0x70 .\CortexM3\ARM_GCC_541\Debug\Design01.a(CySpc.o)

.comment        0x00000000       0x6e
 .comment       0x00000000       0x6e .\CortexM3\ARM_GCC_541\Debug\main.o
                                 0x6f (size before relaxing)
 .comment       0x0000006e       0x6f .\CortexM3\ARM_GCC_541\Debug\cyfitter_cfg.o
 .comment       0x0000006e       0x6f .\CortexM3\ARM_GCC_541\Debug\cymetadata.o
 .comment       0x0000006e       0x6f .\CortexM3\ARM_GCC_541\Debug\Cm3Start.o
 .comment       0x0000006e       0x6f .\CortexM3\ARM_GCC_541\Debug\Design01.a(LCD.o)
 .comment       0x0000006e       0x6f .\CortexM3\ARM_GCC_541\Debug\Design01.a(CyLib.o)
 .comment       0x0000006e       0x6f .\CortexM3\ARM_GCC_541\Debug\Design01.a(cyPm.o)
 .comment       0x0000006e       0x6f .\CortexM3\ARM_GCC_541\Debug\Design01.a(UART.o)
 .comment       0x0000006e       0x6f .\CortexM3\ARM_GCC_541\Debug\Design01.a(UART_IntClock.o)
 .comment       0x0000006e       0x6f .\CortexM3\ARM_GCC_541\Debug\Design01.a(PWM_Motor.o)
 .comment       0x0000006e       0x6f .\CortexM3\ARM_GCC_541\Debug\Design01.a(Timer_Edge.o)
 .comment       0x0000006e       0x6f .\CortexM3\ARM_GCC_541\Debug\Design01.a(Comp_Black.o)
 .comment       0x0000006e       0x6f .\CortexM3\ARM_GCC_541\Debug\Design01.a(Ref.o)
 .comment       0x0000006e       0x6f .\CortexM3\ARM_GCC_541\Debug\Design01.a(turn.o)
 .comment       0x0000006e       0x6f .\CortexM3\ARM_GCC_541\Debug\Design01.a(PWM_Servo.o)
 .comment       0x0000006e       0x6f .\CortexM3\ARM_GCC_541\Debug\Design01.a(PWM_Fan.o)
 .comment       0x0000006e       0x6f .\CortexM3\ARM_GCC_541\Debug\Design01.a(PWM_FanServos.o)
 .comment       0x0000006e       0x6f .\CortexM3\ARM_GCC_541\Debug\Design01.a(PWM_IRServo.o)
 .comment       0x0000006e       0x6f .\CortexM3\ARM_GCC_541\Debug\Design01.a(UART_Mega.o)
 .comment       0x0000006e       0x6f .\CortexM3\ARM_GCC_541\Debug\Design01.a(UART_Mega_IntClock.o)
 .comment       0x0000006e       0x6f .\CortexM3\ARM_GCC_541\Debug\Design01.a(Motor_Stop.o)
 .comment       0x0000006e       0x6f .\CortexM3\ARM_GCC_541\Debug\Design01.a(Timer_Motor.o)
 .comment       0x0000006e       0x6f .\CortexM3\ARM_GCC_541\Debug\Design01.a(CyFlash.o)
 .comment       0x0000006e       0x6f .\CortexM3\ARM_GCC_541\Debug\Design01.a(CySpc.o)

.debug_weaknames
 *(.debug_weaknames)

.debug_funcnames
 *(.debug_funcnames)

.debug_typenames
 *(.debug_typenames)

.debug_varnames
 *(.debug_varnames)

.note.gnu.arm.ident
 *(.note.gnu.arm.ident)

.ARM.attributes
                0x00000000       0x29
 *(.ARM.attributes)
 .ARM.attributes
                0x00000000       0x1d c:/program files (x86)/cypress/psoc creator/4.4/psoc creator/import/gnu/arm/5.4.1/bin/../lib/gcc/arm-none-eabi/5.4.1/armv7-m/crti.o
 .ARM.attributes
                0x0000001d       0x2d c:/program files (x86)/cypress/psoc creator/4.4/psoc creator/import/gnu/arm/5.4.1/bin/../lib/gcc/arm-none-eabi/5.4.1/armv7-m/crtbegin.o
 .ARM.attributes
                0x0000004a       0x1b c:/program files (x86)/cypress/psoc creator/4.4/psoc creator/import/gnu/arm/5.4.1/bin/../lib/gcc/arm-none-eabi/5.4.1/../../../../arm-none-eabi/lib/armv7-m/crt0.o
 .ARM.attributes
                0x00000065       0x33 .\CortexM3\ARM_GCC_541\Debug\main.o
 .ARM.attributes
                0x00000098       0x33 .\CortexM3\ARM_GCC_541\Debug\cyfitter_cfg.o
 .ARM.attributes
                0x000000cb       0x33 .\CortexM3\ARM_GCC_541\Debug\cymetadata.o
 .ARM.attributes
                0x000000fe       0x33 .\CortexM3\ARM_GCC_541\Debug\Cm3Start.o
 .ARM.attributes
                0x00000131       0x33 .\CortexM3\ARM_GCC_541\Debug\Design01.a(LCD.o)
 .ARM.attributes
                0x00000164       0x33 .\CortexM3\ARM_GCC_541\Debug\Design01.a(CyLib.o)
 .ARM.attributes
                0x00000197       0x33 .\CortexM3\ARM_GCC_541\Debug\Design01.a(cyPm.o)
 .ARM.attributes
                0x000001ca       0x33 .\CortexM3\ARM_GCC_541\Debug\Design01.a(UART.o)
 .ARM.attributes
                0x000001fd       0x33 .\CortexM3\ARM_GCC_541\Debug\Design01.a(UART_IntClock.o)
 .ARM.attributes
                0x00000230       0x33 .\CortexM3\ARM_GCC_541\Debug\Design01.a(PWM_Motor.o)
 .ARM.attributes
                0x00000263       0x33 .\CortexM3\ARM_GCC_541\Debug\Design01.a(Timer_Edge.o)
 .ARM.attributes
                0x00000296       0x33 .\CortexM3\ARM_GCC_541\Debug\Design01.a(Comp_Black.o)
 .ARM.attributes
                0x000002c9       0x33 .\CortexM3\ARM_GCC_541\Debug\Design01.a(Ref.o)
 .ARM.attributes
                0x000002fc       0x33 .\CortexM3\ARM_GCC_541\Debug\Design01.a(turn.o)
 .ARM.attributes
                0x0000032f       0x33 .\CortexM3\ARM_GCC_541\Debug\Design01.a(PWM_Servo.o)
 .ARM.attributes
                0x00000362       0x33 .\CortexM3\ARM_GCC_541\Debug\Design01.a(PWM_Fan.o)
 .ARM.attributes
                0x00000395       0x33 .\CortexM3\ARM_GCC_541\Debug\Design01.a(PWM_FanServos.o)
 .ARM.attributes
                0x000003c8       0x33 .\CortexM3\ARM_GCC_541\Debug\Design01.a(PWM_IRServo.o)
 .ARM.attributes
                0x000003fb       0x33 .\CortexM3\ARM_GCC_541\Debug\Design01.a(UART_Mega.o)
 .ARM.attributes
                0x0000042e       0x33 .\CortexM3\ARM_GCC_541\Debug\Design01.a(UART_Mega_IntClock.o)
 .ARM.attributes
                0x00000461       0x33 .\CortexM3\ARM_GCC_541\Debug\Design01.a(Motor_Stop.o)
 .ARM.attributes
                0x00000494       0x33 .\CortexM3\ARM_GCC_541\Debug\Design01.a(Timer_Motor.o)
 .ARM.attributes
                0x000004c7       0x21 .\CortexM3\ARM_GCC_541\Debug\Design01.a(CyBootAsmGnu.o)
 .ARM.attributes
                0x000004e8       0x33 .\CortexM3\ARM_GCC_541\Debug\Design01.a(CyFlash.o)
 .ARM.attributes
                0x0000051b       0x33 .\CortexM3\ARM_GCC_541\Debug\Design01.a(CySpc.o)
 .ARM.attributes
                0x0000054e       0x1d c:/program files (x86)/cypress/psoc creator/4.4/psoc creator/import/gnu/arm/5.4.1/bin/../lib/gcc/arm-none-eabi/5.4.1/armv7-m\libgcc.a(_arm_addsubdf3.o)
 .ARM.attributes
                0x0000056b       0x1d c:/program files (x86)/cypress/psoc creator/4.4/psoc creator/import/gnu/arm/5.4.1/bin/../lib/gcc/arm-none-eabi/5.4.1/armv7-m\libgcc.a(_arm_muldivdf3.o)
 .ARM.attributes
                0x00000588       0x1d c:/program files (x86)/cypress/psoc creator/4.4/psoc creator/import/gnu/arm/5.4.1/bin/../lib/gcc/arm-none-eabi/5.4.1/armv7-m\libgcc.a(_arm_fixunsdfsi.o)
 .ARM.attributes
                0x000005a5       0x2d c:/program files (x86)/cypress/psoc creator/4.4/psoc creator/import/gnu/arm/5.4.1/bin/../lib/gcc/arm-none-eabi/5.4.1/../../../../arm-none-eabi/lib/armv7-m\libg_nano.a(lib_a-errno.o)
 .ARM.attributes
                0x000005d2       0x2d c:/program files (x86)/cypress/psoc creator/4.4/psoc creator/import/gnu/arm/5.4.1/bin/../lib/gcc/arm-none-eabi/5.4.1/../../../../arm-none-eabi/lib/armv7-m\libg_nano.a(lib_a-exit.o)
 .ARM.attributes
                0x000005ff       0x2d c:/program files (x86)/cypress/psoc creator/4.4/psoc creator/import/gnu/arm/5.4.1/bin/../lib/gcc/arm-none-eabi/5.4.1/../../../../arm-none-eabi/lib/armv7-m\libg_nano.a(lib_a-impure.o)
 .ARM.attributes
                0x0000062c       0x2d c:/program files (x86)/cypress/psoc creator/4.4/psoc creator/import/gnu/arm/5.4.1/bin/../lib/gcc/arm-none-eabi/5.4.1/../../../../arm-none-eabi/lib/armv7-m\libg_nano.a(lib_a-init.o)
 .ARM.attributes
                0x00000659       0x2d c:/program files (x86)/cypress/psoc creator/4.4/psoc creator/import/gnu/arm/5.4.1/bin/../lib/gcc/arm-none-eabi/5.4.1/../../../../arm-none-eabi/lib/armv7-m\libg_nano.a(lib_a-memcpy-stub.o)
 .ARM.attributes
                0x00000686       0x2d c:/program files (x86)/cypress/psoc creator/4.4/psoc creator/import/gnu/arm/5.4.1/bin/../lib/gcc/arm-none-eabi/5.4.1/../../../../arm-none-eabi/lib/armv7-m\libg_nano.a(lib_a-memset.o)
 .ARM.attributes